<html>
<body>
<pre>
<h1>µVision Build Log</h1>
<h2>Tool Versions:</h2>
IDE-Version: µVision V5.36.0.0
Copyright (C) 2021 ARM Ltd and ARM Germany GmbH. All rights reserved.
License Information: west west, im, LIC=47GU5-G08MI-DYCV3-AGFMC-H3ETZ-ZWMWA
 
Tool Versions:
Toolchain:       MDK-ARM Plus  Version: 5.36.0.0
Toolchain Path:  C:\Keil_v5\ARM\ARMCC\Bin
C Compiler:      Armcc.exe V5.06 update 7 (build 960)
Assembler:       Armasm.exe V5.06 update 7 (build 960)
Linker/Locator:  ArmLink.exe V5.06 update 7 (build 960)
Library Manager: ArmAr.exe V5.06 update 7 (build 960)
Hex Converter:   FromElf.exe V5.06 update 7 (build 960)
CPU DLL:         SARMCM3.DLL V5.36.0.0
Dialog DLL:      DCM.DLL V1.17.3.0
Target DLL:      STLink\ST-LINKIII-KEIL_SWO.dll V3.0.9.0
Dialog DLL:      TCM.DLL V1.53.0.0
 
<h2>Project:</h2>
D:\Project Keil uVision\MSO\ControlBlock\ControlBlock\MDK-ARM\ControlBlock.uvprojx
Project File Date:  05/23/2022

<h2>Output:</h2>
*** Using Compiler 'V5.06 update 7 (build 960)', folder: 'C:\Keil_v5\ARM\ARMCC\Bin'
Build target 'ControlBlock'
compiling freertos.c...
../Core/Inc/gpio.h(55): warning:  #1295-D: Deprecated declaration GetMotorRevers - give arg types
  GPIO_PinState GetMotorRevers();
../Core/Inc/gpio.h(56): warning:  #1295-D: Deprecated declaration GetMotorStart - give arg types
  GPIO_PinState GetMotorStart();
../Core/Inc/gpio.h(57): warning:  #1295-D: Deprecated declaration GetCdCardDetect - give arg types
  GPIO_PinState GetCdCardDetect();
../Core/Inc/gpio.h(58): warning:  #1295-D: Deprecated declaration GetDispenserFoam - give arg types
  GPIO_PinState GetDispenserFoam();
../Core/Inc/gpio.h(59): warning:  #1295-D: Deprecated declaration GetDispenserVosk - give arg types
  GPIO_PinState GetDispenserVosk();
../Core/Inc/gpio.h(60): warning:  #1295-D: Deprecated declaration GetValveInsect - give arg types
  GPIO_PinState GetValveInsect();
../Core/Inc/gpio.h(61): warning:  #1295-D: Deprecated declaration GetSensorStream - give arg types
  GPIO_PinState GetSensorStream();
../Core/Inc/gpio.h(62): warning:  #1295-D: Deprecated declaration GetValveFoam - give arg types
  GPIO_PinState GetValveFoam();
../Core/Inc/gpio.h(63): warning:  #1295-D: Deprecated declaration GetValveAir - give arg types
  GPIO_PinState GetValveAir();
../Core/Inc/gpio.h(64): warning:  #1295-D: Deprecated declaration GetValveDrop - give arg types
  GPIO_PinState GetValveDrop();
../Core/Inc/gpio.h(65): warning:  #1295-D: Deprecated declaration GetValveOsmos - give arg types
  GPIO_PinState GetValveOsmos();
../Core/Inc/gpio.h(66): warning:  #1295-D: Deprecated declaration GetValveCoolWaterState - give arg types
  GPIO_PinState GetValveCoolWaterState();
../Core/Inc/gpio.h(67): warning:  #1295-D: Deprecated declaration GetValveHotWater - give arg types
  GPIO_PinState GetValveHotWater();
../Core/Src/freertos.c: 13 warnings, 0 errors
linking...
Program Size: Code=22612 RO-data=496 RW-data=676 ZI-data=21132  
FromELF: creating hex file...
"ControlBlock\ControlBlock.axf" - 0 Error(s), 13 Warning(s).

<h2>Software Packages used:</h2>

Package Vendor: ARM
                http://www.keil.com/pack/ARM.CMSIS.5.8.0.pack
                ARM.CMSIS.5.8.0
                CMSIS (Common Microcontroller Software Interface Standard)
   * Component: CORE Version: 5.5.0

Package Vendor: Keil
                http://www.keil.com/pack/Keil.STM32F4xx_DFP.2.15.0.pack
                Keil.STM32F4xx_DFP.2.15.0
                STMicroelectronics STM32F4 Series Device Support, Drivers and Examples

<h2>Collection of Component include folders:</h2>
  .\RTE\_ControlBlock
  C:\Users\wastegate\AppData\Local\Arm\Packs\ARM\CMSIS\5.8.0\CMSIS\Core\Include
  C:\Users\wastegate\AppData\Local\Arm\Packs\Keil\STM32F4xx_DFP\2.15.0\Drivers\CMSIS\Device\ST\STM32F4xx\Include

<h2>Collection of Component Files used:</h2>

   * Component: ARM::CMSIS:CORE:5.5.0
      Include file:  CMSIS\Core\Include\tz_context.h
Build Time Elapsed:  00:00:02
</pre>
</body>
</html>
