Component: ARM Compiler 5.06 update 7 (build 960) Tool: armlink [4d3601]

==============================================================================

Section Cross References

    startup_stm32f407xx.o(STACK) refers (Special) to heapauxi.o(.text) for __use_two_region_memory
    startup_stm32f407xx.o(HEAP) refers (Special) to heapauxi.o(.text) for __use_two_region_memory
    startup_stm32f407xx.o(RESET) refers (Special) to heapauxi.o(.text) for __use_two_region_memory
    startup_stm32f407xx.o(RESET) refers to startup_stm32f407xx.o(STACK) for __initial_sp
    startup_stm32f407xx.o(RESET) refers to startup_stm32f407xx.o(.text) for Reset_Handler
    startup_stm32f407xx.o(RESET) refers to stm32f4xx_it.o(i.NMI_Handler) for NMI_Handler
    startup_stm32f407xx.o(RESET) refers to stm32f4xx_it.o(i.HardFault_Handler) for HardFault_Handler
    startup_stm32f407xx.o(RESET) refers to stm32f4xx_it.o(i.MemManage_Handler) for MemManage_Handler
    startup_stm32f407xx.o(RESET) refers to stm32f4xx_it.o(i.BusFault_Handler) for BusFault_Handler
    startup_stm32f407xx.o(RESET) refers to stm32f4xx_it.o(i.UsageFault_Handler) for UsageFault_Handler
    startup_stm32f407xx.o(RESET) refers to port.o(.emb_text) for SVC_Handler
    startup_stm32f407xx.o(RESET) refers to stm32f4xx_it.o(i.DebugMon_Handler) for DebugMon_Handler
    startup_stm32f407xx.o(RESET) refers to cmsis_os2.o(i.SysTick_Handler) for SysTick_Handler
    startup_stm32f407xx.o(RESET) refers to stm32f4xx_it.o(i.USART1_IRQHandler) for USART1_IRQHandler
    startup_stm32f407xx.o(RESET) refers to stm32f4xx_it.o(i.USART2_IRQHandler) for USART2_IRQHandler
    startup_stm32f407xx.o(RESET) refers to stm32f4xx_it.o(i.SDIO_IRQHandler) for SDIO_IRQHandler
    startup_stm32f407xx.o(RESET) refers to stm32f4xx_it.o(i.TIM7_IRQHandler) for TIM7_IRQHandler
    startup_stm32f407xx.o(.text) refers (Special) to heapauxi.o(.text) for __use_two_region_memory
    startup_stm32f407xx.o(.text) refers to system_stm32f4xx.o(i.SystemInit) for SystemInit
    startup_stm32f407xx.o(.text) refers to __main.o(!!!main) for __main
    startup_stm32f407xx.o(.text) refers to startup_stm32f407xx.o(HEAP) for Heap_Mem
    startup_stm32f407xx.o(.text) refers to startup_stm32f407xx.o(STACK) for Stack_Mem
    main.o(i.HAL_TIM_PeriodElapsedCallback) refers to stm32f4xx_hal.o(i.HAL_IncTick) for HAL_IncTick
    main.o(i.SystemClock_Config) refers to rt_memclr_w.o(.text) for __aeabi_memclr4
    main.o(i.SystemClock_Config) refers to stm32f4xx_hal_rcc.o(i.HAL_RCC_OscConfig) for HAL_RCC_OscConfig
    main.o(i.SystemClock_Config) refers to main.o(i.Error_Handler) for Error_Handler
    main.o(i.SystemClock_Config) refers to stm32f4xx_hal_rcc.o(i.HAL_RCC_ClockConfig) for HAL_RCC_ClockConfig
    main.o(i.main) refers to stm32f4xx_hal.o(i.HAL_Init) for HAL_Init
    main.o(i.main) refers to main.o(i.SystemClock_Config) for SystemClock_Config
    main.o(i.main) refers to gpio.o(i.MX_GPIO_Init) for MX_GPIO_Init
    main.o(i.main) refers to sdio.o(i.MX_SDIO_SD_Init) for MX_SDIO_SD_Init
    main.o(i.main) refers to usart.o(i.MX_USART1_UART_Init) for MX_USART1_UART_Init
    main.o(i.main) refers to usart.o(i.MX_USART2_UART_Init) for MX_USART2_UART_Init
    main.o(i.main) refers to cmsis_os2.o(i.osKernelInitialize) for osKernelInitialize
    main.o(i.main) refers to freertos.o(i.MX_FREERTOS_Init) for MX_FREERTOS_Init
    main.o(i.main) refers to cmsis_os2.o(i.osKernelStart) for osKernelStart
    gpio.o(i.Cs_Rs485_Usart1) refers to stm32f4xx_hal_gpio.o(i.HAL_GPIO_WritePin) for HAL_GPIO_WritePin
    gpio.o(i.Cs_Rs485_Usart2) refers to stm32f4xx_hal_gpio.o(i.HAL_GPIO_WritePin) for HAL_GPIO_WritePin
    gpio.o(i.GetCdCardDetect) refers to stm32f4xx_hal_gpio.o(i.HAL_GPIO_ReadPin) for HAL_GPIO_ReadPin
    gpio.o(i.GetDispenserFoam) refers to stm32f4xx_hal_gpio.o(i.HAL_GPIO_ReadPin) for HAL_GPIO_ReadPin
    gpio.o(i.GetDispenserVosk) refers to stm32f4xx_hal_gpio.o(i.HAL_GPIO_ReadPin) for HAL_GPIO_ReadPin
    gpio.o(i.GetMotorRevers) refers to stm32f4xx_hal_gpio.o(i.HAL_GPIO_ReadPin) for HAL_GPIO_ReadPin
    gpio.o(i.GetMotorStart) refers to stm32f4xx_hal_gpio.o(i.HAL_GPIO_ReadPin) for HAL_GPIO_ReadPin
    gpio.o(i.GetSensorStream) refers to stm32f4xx_hal_gpio.o(i.HAL_GPIO_ReadPin) for HAL_GPIO_ReadPin
    gpio.o(i.GetValveAir) refers to stm32f4xx_hal_gpio.o(i.HAL_GPIO_ReadPin) for HAL_GPIO_ReadPin
    gpio.o(i.GetValveCoolWaterState) refers to stm32f4xx_hal_gpio.o(i.HAL_GPIO_ReadPin) for HAL_GPIO_ReadPin
    gpio.o(i.GetValveDrop) refers to stm32f4xx_hal_gpio.o(i.HAL_GPIO_ReadPin) for HAL_GPIO_ReadPin
    gpio.o(i.GetValveFoam) refers to stm32f4xx_hal_gpio.o(i.HAL_GPIO_ReadPin) for HAL_GPIO_ReadPin
    gpio.o(i.GetValveHotWater) refers to stm32f4xx_hal_gpio.o(i.HAL_GPIO_ReadPin) for HAL_GPIO_ReadPin
    gpio.o(i.GetValveInsect) refers to stm32f4xx_hal_gpio.o(i.HAL_GPIO_ReadPin) for HAL_GPIO_ReadPin
    gpio.o(i.GetValveOsmos) refers to stm32f4xx_hal_gpio.o(i.HAL_GPIO_ReadPin) for HAL_GPIO_ReadPin
[...]
    i.prvProcessExpiredTimer                 0x08004158   Section        0  timers.o(i.prvProcessExpiredTimer)
    prvProcessExpiredTimer                   0x08004159   Thumb Code   110  timers.o(i.prvProcessExpiredTimer)
    i.prvProcessReceivedCommands             0x080041cc   Section        0  timers.o(i.prvProcessReceivedCommands)
    prvProcessReceivedCommands               0x080041cd   Thumb Code   350  timers.o(i.prvProcessReceivedCommands)
    i.prvProcessTimerOrBlockTask             0x08004330   Section        0  timers.o(i.prvProcessTimerOrBlockTask)
    prvProcessTimerOrBlockTask               0x08004331   Thumb Code   102  timers.o(i.prvProcessTimerOrBlockTask)
    i.prvResetNextTaskUnblockTime            0x080043a4   Section        0  tasks.o(i.prvResetNextTaskUnblockTime)
    prvResetNextTaskUnblockTime              0x080043a5   Thumb Code    42  tasks.o(i.prvResetNextTaskUnblockTime)
    i.prvSampleTimeNow                       0x080043d8   Section        0  timers.o(i.prvSampleTimeNow)
    prvSampleTimeNow                         0x080043d9   Thumb Code    40  timers.o(i.prvSampleTimeNow)
    i.prvSwitchTimerLists                    0x08004404   Section        0  timers.o(i.prvSwitchTimerLists)
    prvSwitchTimerLists                      0x08004405   Thumb Code   154  timers.o(i.prvSwitchTimerLists)
    i.prvTaskExitError                       0x080044a8   Section        0  port.o(i.prvTaskExitError)
    prvTaskExitError                         0x080044a9   Thumb Code    60  port.o(i.prvTaskExitError)
    i.prvTimerTask                           0x080044e8   Section        0  timers.o(i.prvTimerTask)
    prvTimerTask                             0x080044e9   Thumb Code    26  timers.o(i.prvTimerTask)
    i.prvUnlockQueue                         0x08004502   Section        0  queue.o(i.prvUnlockQueue)
    prvUnlockQueue                           0x08004503   Thumb Code   126  queue.o(i.prvUnlockQueue)
    i.pvPortMalloc                           0x08004580   Section        0  heap_4.o(i.pvPortMalloc)
    i.pxPortInitialiseStack                  0x080046cc   Section        0  port.o(i.pxPortInitialiseStack)
    i.uxListRemove                           0x080046f8   Section        0  list.o(i.uxListRemove)
    i.vApplicationGetIdleTaskMemory          0x08004720   Section        0  cmsis_os2.o(i.vApplicationGetIdleTaskMemory)
    i.vApplicationGetTimerTaskMemory         0x08004738   Section        0  cmsis_os2.o(i.vApplicationGetTimerTaskMemory)
    i.vListInitialise                        0x08004750   Section        0  list.o(i.vListInitialise)
    i.vListInitialiseItem                    0x0800476a   Section        0  list.o(i.vListInitialiseItem)
    i.vListInsert                            0x08004770   Section        0  list.o(i.vListInsert)
    i.vListInsertEnd                         0x080047a4   Section        0  list.o(i.vListInsertEnd)
    i.vPortEnterCritical                     0x080047bc   Section        0  port.o(i.vPortEnterCritical)
    i.vPortExitCritical                      0x08004810   Section        0  port.o(i.vPortExitCritical)
    i.vPortFree                              0x0800484c   Section        0  heap_4.o(i.vPortFree)
    i.vPortSetupTimerInterrupt               0x080048f0   Section        0  port.o(i.vPortSetupTimerInterrupt)
    i.vPortValidateInterruptPriority         0x08004918   Section        0  port.o(i.vPortValidateInterruptPriority)
    i.vQueueAddToRegistry                    0x08004990   Section        0  queue.o(i.vQueueAddToRegistry)
    i.vQueueWaitForMessageRestricted         0x080049bc   Section        0  queue.o(i.vQueueWaitForMessageRestricted)
    i.vTaskDelay                             0x08004a08   Section        0  tasks.o(i.vTaskDelay)
    i.vTaskInternalSetTimeOutState           0x08004a64   Section        0  tasks.o(i.vTaskInternalSetTimeOutState)
    i.vTaskMissedYield                       0x08004a7c   Section        0  tasks.o(i.vTaskMissedYield)
    i.vTaskPlaceOnEventList                  0x08004a88   Section        0  tasks.o(i.vTaskPlaceOnEventList)
    i.vTaskPlaceOnEventListRestricted        0x08004ac0   Section        0  tasks.o(i.vTaskPlaceOnEventListRestricted)
    i.vTaskStartScheduler                    0x08004b00   Section        0  tasks.o(i.vTaskStartScheduler)
    i.vTaskSuspendAll                        0x08004bb8   Section        0  tasks.o(i.vTaskSuspendAll)
    i.vTaskSwitchContext                     0x08004bc8   Section        0  tasks.o(i.vTaskSwitchContext)
    i.xPortStartScheduler                    0x08004c58   Section        0  port.o(i.xPortStartScheduler)
    i.xPortSysTickHandler                    0x08004dc0   Section        0  port.o(i.xPortSysTickHandler)
    i.xQueueGenericCreateStatic              0x08004df4   Section        0  queue.o(i.xQueueGenericCreateStatic)
    i.xQueueGenericReset                     0x08004ed4   Section        0  queue.o(i.xQueueGenericReset)
    i.xQueueGenericSend                      0x08004f6c   Section        0  queue.o(i.xQueueGenericSend)
    i.xQueueGenericSendFromISR               0x08005114   Section        0  queue.o(i.xQueueGenericSendFromISR)
    i.xQueueReceive                          0x08005210   Section        0  queue.o(i.xQueueReceive)
    i.xTaskCheckForTimeOut                   0x08005378   Section        0  tasks.o(i.xTaskCheckForTimeOut)
    i.xTaskCreate                            0x08005404   Section        0  tasks.o(i.xTaskCreate)
    i.xTaskCreateStatic                      0x08005468   Section        0  tasks.o(i.xTaskCreateStatic)
    i.xTaskGetSchedulerState                 0x08005524   Section        0  tasks.o(i.xTaskGetSchedulerState)
    i.xTaskGetTickCount                      0x08005544   Section        0  tasks.o(i.xTaskGetTickCount)
    i.xTaskIncrementTick                     0x08005550   Section        0  tasks.o(i.xTaskIncrementTick)
    i.xTaskPriorityDisinherit                0x08005694   Section        0  tasks.o(i.xTaskPriorityDisinherit)
    i.xTaskRemoveFromEventList               0x08005738   Section        0  tasks.o(i.xTaskRemoveFromEventList)
    i.xTaskResumeAll                         0x080057d0   Section        0  tasks.o(i.xTaskResumeAll)
    i.xTimerCreateTimerTask                  0x080058d4   Section        0  timers.o(i.xTimerCreateTimerTask)
    i.xTimerGenericCommand                   0x0800594c   Section        0  timers.o(i.xTimerGenericCommand)
    x$fpl$fpinit                             0x080059d0   Section       10  fpinit.o(x$fpl$fpinit)
    $v0                                      0x080059d0   Number         0  fpinit.o(x$fpl$fpinit)
    .constdata                               0x080059dc   Section       36  freertos.o(.constdata)
    .constdata                               0x08005a00   Section       24  system_stm32f4xx.o(.constdata)
    .conststring                             0x08005a18   Section       12  freertos.o(.conststring)
    .data                                    0x20000000   Section       12  freertos.o(.data)
    .data                                    0x2000000c   Section        2  usart.o(.data)
    .data                                    0x20000010   Section        9  stm32f4xx_hal.o(.data)
    .data                                    0x2000001c   Section        4  system_stm32f4xx.o(.data)
    .data                                    0x20000020   Section       60  tasks.o(.data)
    pxDelayedTaskList                        0x20000024   Data           4  tasks.o(.data)
    pxOverflowDelayedTaskList                0x20000028   Data           4  tasks.o(.data)
    uxDeletedTasksWaitingCleanUp             0x2000002c   Data           4  tasks.o(.data)
    uxCurrentNumberOfTasks                   0x20000030   Data           4  tasks.o(.data)
    xTickCount                               0x20000034   Data           4  tasks.o(.data)
    uxTopReadyPriority                       0x20000038   Data           4  tasks.o(.data)
    xSchedulerRunning                        0x2000003c   Data           4  tasks.o(.data)
    xPendedTicks                             0x20000040   Data           4  tasks.o(.data)
    xYieldPending                            0x20000044   Data           4  tasks.o(.data)
    xNumOfOverflows                          0x20000048   Data           4  tasks.o(.data)
    uxTaskNumber                             0x2000004c   Data           4  tasks.o(.data)
    xNextTaskUnblockTime                     0x20000050   Data           4  tasks.o(.data)
    xIdleTaskHandle                          0x20000054   Data           4  tasks.o(.data)
    uxSchedulerSuspended                     0x20000058   Data           4  tasks.o(.data)
    .data                                    0x2000005c   Section       20  timers.o(.data)
    pxCurrentTimerList                       0x2000005c   Data           4  timers.o(.data)
    pxOverflowTimerList                      0x20000060   Data           4  timers.o(.data)
    xTimerQueue                              0x20000064   Data           4  timers.o(.data)
    xTimerTaskHandle                         0x20000068   Data           4  timers.o(.data)
    xLastTime                                0x2000006c   Data           4  timers.o(.data)
    .data                                    0x20000070   Section        4  cmsis_os2.o(.data)
    KernelState                              0x20000070   Data           4  cmsis_os2.o(.data)
    .data                                    0x20000074   Section       32  heap_4.o(.data)
    xStart                                   0x20000074   Data           8  heap_4.o(.data)
    pxEnd                                    0x2000007c   Data           4  heap_4.o(.data)
    xFreeBytesRemaining                      0x20000080   Data           4  heap_4.o(.data)
    xMinimumEverFreeBytesRemaining           0x20000084   Data           4  heap_4.o(.data)
    xNumberOfSuccessfulAllocations           0x20000088   Data           4  heap_4.o(.data)
    xNumberOfSuccessfulFrees                 0x2000008c   Data           4  heap_4.o(.data)
    xBlockAllocatedBit                       0x20000090   Data           4  heap_4.o(.data)
    .data                                    0x20000094   Section       12  port.o(.data)
    uxCriticalNesting                        0x20000094   Data           4  port.o(.data)
    ucMaxSysCallPriority                     0x20000098   Data           1  port.o(.data)
    ulMaxPRIGROUPValue                       0x2000009c   Data           4  port.o(.data)
    .data                                    0x200000a0   Section        2  answerstoquestion.o(.data)
    .data                                    0x200000a2   Section      512  crc16.o(.data)
    .bss                                     0x200002a4   Section      132  sdio.o(.bss)
    .bss                                     0x20000328   Section      648  usart.o(.bss)
    .bss                                     0x200005b0   Section       72  stm32f4xx_hal_timebase_tim.o(.bss)
    .bss                                     0x200005f8   Section       64  queue.o(.bss)
    .bss                                     0x20000638   Section     1220  tasks.o(.bss)
    pxReadyTasksLists                        0x20000638   Data        1120  tasks.o(.bss)
    xDelayedTaskList1                        0x20000a98   Data          20  tasks.o(.bss)
    xDelayedTaskList2                        0x20000aac   Data          20  tasks.o(.bss)
    xPendingReadyList                        0x20000ac0   Data          20  tasks.o(.bss)
    xTasksWaitingTermination                 0x20000ad4   Data          20  tasks.o(.bss)
    xSuspendedTaskList                       0x20000ae8   Data          20  tasks.o(.bss)
    .bss                                     0x20000afc   Section      280  timers.o(.bss)
    xActiveTimerList1                        0x20000afc   Data          20  timers.o(.bss)
    xActiveTimerList2                        0x20000b10   Data          20  timers.o(.bss)
    xStaticTimerQueue                        0x20000b24   Data          80  timers.o(.bss)
    ucStaticTimerQueueStorage                0x20000b74   Data         160  timers.o(.bss)
    .bss                                     0x20000c14   Section     1720  cmsis_os2.o(.bss)
    Idle_TCB                                 0x20000c14   Data          92  cmsis_os2.o(.bss)
    Idle_Stack                               0x20000c70   Data         512  cmsis_os2.o(.bss)
    Timer_TCB                                0x20000e70   Data          92  cmsis_os2.o(.bss)
    Timer_Stack                              0x20000ecc   Data        1024  cmsis_os2.o(.bss)
    .bss                                     0x200012cc   Section    15360  heap_4.o(.bss)
    ucHeap                                   0x200012cc   Data       15360  heap_4.o(.bss)
    .bss                                     0x20004ecc   Section       96  libspace.o(.bss)
    HEAP                                     0x20004f30   Section      512  startup_stm32f407xx.o(HEAP)
    Heap_Mem                                 0x20004f30   Data         512  startup_stm32f407xx.o(HEAP)
    STACK                                    0x20005130   Section     1024  startup_stm32f407xx.o(STACK)
    Stack_Mem                                0x20005130   Data        1024  startup_stm32f407xx.o(STACK)
    __initial_sp                             0x20005530   Data           0  startup_stm32f407xx.o(STACK)

    Global Symbols

    Symbol Name                              Value     Ov Type        Size  Object(Section)

    BuildAttributes$$THM_ISAv4$E$P$D$K$B$S$7EM$VFPi3$EXTD16$VFPS$VFMA$PE$A:L22UL41UL21$X:L11$S22US41US21$IEEE1$IW$USESV6$~STKCKD$USESV7$~SHL$OSPACE$ROPI$EBA8$UX$STANDARDLIB$REQ8$PRES8$EABIv2 0x00000000   Number         0  anon$$obj.o ABSOLUTE
    __ARM_use_no_argv                        0x00000000   Number         0  main.o ABSOLUTE
    __ARM_exceptions_init                     - Undefined Weak Reference
    __alloca_initialize                       - Undefined Weak Reference
    __arm_fini_                               - Undefined Weak Reference
    __arm_preinit_                            - Undefined Weak Reference
    __cpp_initialize__aeabi_                  - Undefined Weak Reference
    __cxa_finalize                            - Undefined Weak Reference
    __rt_locale                               - Undefined Weak Reference
    __sigvec_lookup                           - Undefined Weak Reference
    _atexit_init                              - Undefined Weak Reference
    _call_atexit_fns                          - Undefined Weak Reference
    _clock_init                               - Undefined Weak Reference
    _fp_trap_init                             - Undefined Weak Reference
    _fp_trap_shutdown                         - Undefined Weak Reference
    _get_lc_collate                           - Undefined Weak Reference
    _get_lc_ctype                             - Undefined Weak Reference
    _get_lc_monetary                          - Undefined Weak Reference
    _get_lc_numeric                           - Undefined Weak Reference
    _get_lc_time                              - Undefined Weak Reference
    _getenv_init                              - Undefined Weak Reference
    _handle_redirection                       - Undefined Weak Reference
    _init_alloc                               - Undefined Weak Reference
    _init_user_alloc                          - Undefined Weak Reference
    _initio                                   - Undefined Weak Reference
    _rand_init                                - Undefined Weak Reference
    _signal_finish                            - Undefined Weak Reference
    _signal_init                              - Undefined Weak Reference
    _terminate_alloc                          - Undefined Weak Reference
    _terminate_user_alloc                     - Undefined Weak Reference
    _terminateio                              - Undefined Weak Reference
    __Vectors_Size                           0x00000188   Number         0  startup_stm32f407xx.o ABSOLUTE
    __Vectors                                0x08000000   Data           4  startup_stm32f407xx.o(RESET)
    __Vectors_End                            0x08000188   Data           0  startup_stm32f407xx.o(RESET)
    __main                                   0x08000189   Thumb Code     8  __main.o(!!!main)
    __scatterload                            0x08000191   Thumb Code     0  __scatter.o(!!!scatter)
    __scatterload_rt2                        0x08000191   Thumb Code    44  __scatter.o(!!!scatter)
    __scatterload_rt2_thumb_only             0x08000191   Thumb Code     0  __scatter.o(!!!scatter)
    __scatterload_null                       0x0800019f   Thumb Code     0  __scatter.o(!!!scatter)
    __decompress                             0x080001c5   Thumb Code    58  __dczerorl.o(!!dczerorl)
    __decompress0                            0x080001c5   Thumb Code     0  __dczerorl.o(!!dczerorl)
    __scatterload_zeroinit                   0x08000201   Thumb Code    28  __scatter_zi.o(!!handler_zi)
    __rt_lib_init                            0x0800021d   Thumb Code     0  libinit.o(.ARM.Collect$$libinit$$00000000)
    __rt_lib_init_fp_1                       0x0800021f   Thumb Code     0  libinit2.o(.ARM.Collect$$libinit$$00000001)
    __rt_lib_init_alloca_1                   0x08000223   Thumb Code     0  libinit2.o(.ARM.Collect$$libinit$$0000002E)
    __rt_lib_init_argv_1                     0x08000223   Thumb Code     0  libinit2.o(.ARM.Collect$$libinit$$0000002C)
    __rt_lib_init_atexit_1                   0x08000223   Thumb Code     0  libinit2.o(.ARM.Collect$$libinit$$0000001B)
    __rt_lib_init_clock_1                    0x08000223   Thumb Code     0  libinit2.o(.ARM.Collect$$libinit$$00000021)
    __rt_lib_init_cpp_1                      0x08000223   Thumb Code     0  libinit2.o(.ARM.Collect$$libinit$$00000032)
    __rt_lib_init_exceptions_1               0x08000223   Thumb Code     0  libinit2.o(.ARM.Collect$$libinit$$00000030)
    __rt_lib_init_fp_trap_1                  0x08000223   Thumb Code     0  libinit2.o(.ARM.Collect$$libinit$$0000001F)
    __rt_lib_init_getenv_1                   0x08000223   Thumb Code     0  libinit2.o(.ARM.Collect$$libinit$$00000023)
    __rt_lib_init_heap_1                     0x08000223   Thumb Code     0  libinit2.o(.ARM.Collect$$libinit$$0000000A)
    __rt_lib_init_lc_collate_1               0x08000223   Thumb Code     0  libinit2.o(.ARM.Collect$$libinit$$00000011)
    __rt_lib_init_lc_ctype_1                 0x08000223   Thumb Code     0  libinit2.o(.ARM.Collect$$libinit$$00000013)
    __rt_lib_init_lc_monetary_1              0x08000223   Thumb Code     0  libinit2.o(.ARM.Collect$$libinit$$00000015)
    __rt_lib_init_lc_numeric_1               0x08000223   Thumb Code     0  libinit2.o(.ARM.Collect$$libinit$$00000017)
    __rt_lib_init_lc_time_1                  0x08000223   Thumb Code     0  libinit2.o(.ARM.Collect$$libinit$$00000019)
    __rt_lib_init_preinit_1                  0x08000223   Thumb Code     0  libinit2.o(.ARM.Collect$$libinit$$00000004)
    __rt_lib_init_rand_1                     0x08000223   Thumb Code     0  libinit2.o(.ARM.Collect$$libinit$$0000000E)
    __rt_lib_init_return                     0x08000223   Thumb Code     0  libinit2.o(.ARM.Collect$$libinit$$00000033)
    __rt_lib_init_signal_1                   0x08000223   Thumb Code     0  libinit2.o(.ARM.Collect$$libinit$$0000001D)
    __rt_lib_init_stdio_1                    0x08000223   Thumb Code     0  libinit2.o(.ARM.Collect$$libinit$$00000025)
    __rt_lib_init_user_alloc_1               0x08000223   Thumb Code     0  libinit2.o(.ARM.Collect$$libinit$$0000000C)
    __rt_lib_shutdown                        0x08000225   Thumb Code     0  libshutdown.o(.ARM.Collect$$libshutdown$$00000000)
    __rt_lib_shutdown_cpp_1                  0x08000227   Thumb Code     0  libshutdown2.o(.ARM.Collect$$libshutdown$$00000004)
    __rt_lib_shutdown_fini_1                 0x08000227   Thumb Code     0  libshutdown2.o(.ARM.Collect$$libshutdown$$00000002)
    __rt_lib_shutdown_fp_trap_1              0x08000227   Thumb Code     0  libshutdown2.o(.ARM.Collect$$libshutdown$$00000009)
    __rt_lib_shutdown_heap_1                 0x08000227   Thumb Code     0  libshutdown2.o(.ARM.Collect$$libshutdown$$00000011)
    __rt_lib_shutdown_return                 0x08000227   Thumb Code     0  libshutdown2.o(.ARM.Collect$$libshutdown$$00000012)
    __rt_lib_shutdown_signal_1               0x08000227   Thumb Code     0  libshutdown2.o(.ARM.Collect$$libshutdown$$0000000C)
    __rt_lib_shutdown_stdio_1                0x08000227   Thumb Code     0  libshutdown2.o(.ARM.Collect$$libshutdown$$00000006)
    __rt_lib_shutdown_user_alloc_1           0x08000227   Thumb Code     0  libshutdown2.o(.ARM.Collect$$libshutdown$$0000000E)
    __rt_entry                               0x08000229   Thumb Code     0  __rtentry.o(.ARM.Collect$$rtentry$$00000000)
    __rt_entry_presh_1                       0x08000229   Thumb Code     0  __rtentry2.o(.ARM.Collect$$rtentry$$00000002)
    __rt_entry_sh                            0x08000229   Thumb Code     0  __rtentry4.o(.ARM.Collect$$rtentry$$00000004)
    __rt_entry_li                            0x0800022f   Thumb Code     0  __rtentry2.o(.ARM.Collect$$rtentry$$0000000A)
    __rt_entry_postsh_1                      0x0800022f   Thumb Code     0  __rtentry2.o(.ARM.Collect$$rtentry$$00000009)
    __rt_entry_main                          0x08000233   Thumb Code     0  __rtentry2.o(.ARM.Collect$$rtentry$$0000000D)
    __rt_entry_postli_1                      0x08000233   Thumb Code     0  __rtentry2.o(.ARM.Collect$$rtentry$$0000000C)
    __rt_exit                                0x0800023b   Thumb Code     0  rtexit.o(.ARM.Collect$$rtexit$$00000000)
    __rt_exit_ls                             0x0800023d   Thumb Code     0  rtexit2.o(.ARM.Collect$$rtexit$$00000003)
    __rt_exit_prels_1                        0x0800023d   Thumb Code     0  rtexit2.o(.ARM.Collect$$rtexit$$00000002)
    __rt_exit_exit                           0x08000241   Thumb Code     0  rtexit2.o(.ARM.Collect$$rtexit$$00000004)
    SVC_Handler                              0x08000249   Thumb Code    28  port.o(.emb_text)
    __asm___6_port_c_39a90d8d__prvStartFirstTask 0x08000269   Thumb Code    36  port.o(.emb_text)
    __asm___6_port_c_39a90d8d__prvEnableVFP  0x08000291   Thumb Code    16  port.o(.emb_text)
    PendSV_Handler                           0x080002a5   Thumb Code    88  port.o(.emb_text)
    vPortGetIPSR                             0x08000301   Thumb Code     6  port.o(.emb_text)
    Reset_Handler                            0x08000309   Thumb Code     8  startup_stm32f407xx.o(.text)
    ADC_IRQHandler                           0x08000323   Thumb Code     0  startup_stm32f407xx.o(.text)
    CAN1_RX0_IRQHandler                      0x08000323   Thumb Code     0  startup_stm32f407xx.o(.text)
    CAN1_RX1_IRQHandler                      0x08000323   Thumb Code     0  startup_stm32f407xx.o(.text)
    CAN1_SCE_IRQHandler                      0x08000323   Thumb Code     0  startup_stm32f407xx.o(.text)
    CAN1_TX_IRQHandler                       0x08000323   Thumb Code     0  startup_stm32f407xx.o(.text)
    CAN2_RX0_IRQHandler                      0x08000323   Thumb Code     0  startup_stm32f407xx.o(.text)
    CAN2_RX1_IRQHandler                      0x08000323   Thumb Code     0  startup_stm32f407xx.o(.text)
    CAN2_SCE_IRQHandler                      0x08000323   Thumb Code     0  startup_stm32f407xx.o(.text)
    CAN2_TX_IRQHandler                       0x08000323   Thumb Code     0  startup_stm32f407xx.o(.text)
    DCMI_IRQHandler                          0x08000323   Thumb Code     0  startup_stm32f407xx.o(.text)
    DMA1_Stream0_IRQHandler                  0x08000323   Thumb Code     0  startup_stm32f407xx.o(.text)
    DMA1_Stream1_IRQHandler                  0x08000323   Thumb Code     0  startup_stm32f407xx.o(.text)
    DMA1_Stream2_IRQHandler                  0x08000323   Thumb Code     0  startup_stm32f407xx.o(.text)
    DMA1_Stream3_IRQHandler                  0x08000323   Thumb Code     0  startup_stm32f407xx.o(.text)
    DMA1_Stream4_IRQHandler                  0x08000323   Thumb Code     0  startup_stm32f407xx.o(.text)
    DMA1_Stream5_IRQHandler                  0x08000323   Thumb Code     0  startup_stm32f407xx.o(.text)
    DMA1_Stream6_IRQHandler                  0x08000323   Thumb Code     0  startup_stm32f407xx.o(.text)
    DMA1_Stream7_IRQHandler                  0x08000323   Thumb Code     0  startup_stm32f407xx.o(.text)
    DMA2_Stream0_IRQHandler                  0x08000323   Thumb Code     0  startup_stm32f407xx.o(.text)
    DMA2_Stream1_IRQHandler                  0x08000323   Thumb Code     0  startup_stm32f407xx.o(.text)
    DMA2_Stream2_IRQHandler                  0x08000323   Thumb Code     0  startup_stm32f407xx.o(.text)
    DMA2_Stream3_IRQHandler                  0x08000323   Thumb Code     0  startup_stm32f407xx.o(.text)
    DMA2_Stream4_IRQHandler                  0x08000323   Thumb Code     0  startup_stm32f407xx.o(.text)
    DMA2_Stream5_IRQHandler                  0x08000323   Thumb Code     0  startup_stm32f407xx.o(.text)
    DMA2_Stream6_IRQHandler                  0x08000323   Thumb Code     0  startup_stm32f407xx.o(.text)
    DMA2_Stream7_IRQHandler                  0x08000323   Thumb Code     0  startup_stm32f407xx.o(.text)
    ETH_IRQHandler                           0x08000323   Thumb Code     0  startup_stm32f407xx.o(.text)
    ETH_WKUP_IRQHandler                      0x08000323   Thumb Code     0  startup_stm32f407xx.o(.text)
    EXTI0_IRQHandler                         0x08000323   Thumb Code     0  startup_stm32f407xx.o(.text)
    EXTI15_10_IRQHandler                     0x08000323   Thumb Code     0  startup_stm32f407xx.o(.text)
    EXTI1_IRQHandler                         0x08000323   Thumb Code     0  startup_stm32f407xx.o(.text)
    EXTI2_IRQHandler                         0x08000323   Thumb Code     0  startup_stm32f407xx.o(.text)
    EXTI3_IRQHandler                         0x08000323   Thumb Code     0  startup_stm32f407xx.o(.text)
    EXTI4_IRQHandler                         0x08000323   Thumb Code     0  startup_stm32f407xx.o(.text)
    EXTI9_5_IRQHandler                       0x08000323   Thumb Code     0  startup_stm32f407xx.o(.text)
    FLASH_IRQHandler                         0x08000323   Thumb Code     0  startup_stm32f407xx.o(.text)
    FMC_IRQHandler                           0x08000323   Thumb Code     0  startup_stm32f407xx.o(.text)
    FPU_IRQHandler                           0x08000323   Thumb Code     0  startup_stm32f407xx.o(.text)
    HASH_RNG_IRQHandler                      0x08000323   Thumb Code     0  startup_stm32f407xx.o(.text)
    I2C1_ER_IRQHandler                       0x08000323   Thumb Code     0  startup_stm32f407xx.o(.text)
    I2C1_EV_IRQHandler                       0x08000323   Thumb Code     0  startup_stm32f407xx.o(.text)
    I2C2_ER_IRQHandler                       0x08000323   Thumb Code     0  startup_stm32f407xx.o(.text)
    I2C2_EV_IRQHandler                       0x08000323   Thumb Code     0  startup_stm32f407xx.o(.text)
    I2C3_ER_IRQHandler                       0x08000323   Thumb Code     0  startup_stm32f407xx.o(.text)
    I2C3_EV_IRQHandler                       0x08000323   Thumb Code     0  startup_stm32f407xx.o(.text)
    OTG_FS_IRQHandler                        0x08000323   Thumb Code     0  startup_stm32f407xx.o(.text)
    OTG_FS_WKUP_IRQHandler                   0x08000323   Thumb Code     0  startup_stm32f407xx.o(.text)
    OTG_HS_EP1_IN_IRQHandler                 0x08000323   Thumb Code     0  startup_stm32f407xx.o(.text)
    OTG_HS_EP1_OUT_IRQHandler                0x08000323   Thumb Code     0  startup_stm32f407xx.o(.text)
    OTG_HS_IRQHandler                        0x08000323   Thumb Code     0  startup_stm32f407xx.o(.text)
    OTG_HS_WKUP_IRQHandler                   0x08000323   Thumb Code     0  startup_stm32f407xx.o(.text)
    PVD_IRQHandler                           0x08000323   Thumb Code     0  startup_stm32f407xx.o(.text)
    RCC_IRQHandler                           0x08000323   Thumb Code     0  startup_stm32f407xx.o(.text)
    RTC_Alarm_IRQHandler                     0x08000323   Thumb Code     0  startup_stm32f407xx.o(.text)
    RTC_WKUP_IRQHandler                      0x08000323   Thumb Code     0  startup_stm32f407xx.o(.text)
    SPI1_IRQHandler                          0x08000323   Thumb Code     0  startup_stm32f407xx.o(.text)
    SPI2_IRQHandler                          0x08000323   Thumb Code     0  startup_stm32f407xx.o(.text)
    SPI3_IRQHandler                          0x08000323   Thumb Code     0  startup_stm32f407xx.o(.text)
    TAMP_STAMP_IRQHandler                    0x08000323   Thumb Code     0  startup_stm32f407xx.o(.text)
    TIM1_BRK_TIM9_IRQHandler                 0x08000323   Thumb Code     0  startup_stm32f407xx.o(.text)
    TIM1_CC_IRQHandler                       0x08000323   Thumb Code     0  startup_stm32f407xx.o(.text)
    TIM1_TRG_COM_TIM11_IRQHandler            0x08000323   Thumb Code     0  startup_stm32f407xx.o(.text)
    TIM1_UP_TIM10_IRQHandler                 0x08000323   Thumb Code     0  startup_stm32f407xx.o(.text)
    TIM2_IRQHandler                          0x08000323   Thumb Code     0  startup_stm32f407xx.o(.text)
    TIM3_IRQHandler                          0x08000323   Thumb Code     0  startup_stm32f407xx.o(.text)
    TIM4_IRQHandler                          0x08000323   Thumb Code     0  startup_stm32f407xx.o(.text)
    TIM5_IRQHandler                          0x08000323   Thumb Code     0  startup_stm32f407xx.o(.text)
    TIM6_DAC_IRQHandler                      0x08000323   Thumb Code     0  startup_stm32f407xx.o(.text)
    TIM8_BRK_TIM12_IRQHandler                0x08000323   Thumb Code     0  startup_stm32f407xx.o(.text)
    TIM8_CC_IRQHandler                       0x08000323   Thumb Code     0  startup_stm32f407xx.o(.text)
    TIM8_TRG_COM_TIM14_IRQHandler            0x08000323   Thumb Code     0  startup_stm32f407xx.o(.text)
    TIM8_UP_TIM13_IRQHandler                 0x08000323   Thumb Code     0  startup_stm32f407xx.o(.text)
    UART4_IRQHandler                         0x08000323   Thumb Code     0  startup_stm32f407xx.o(.text)
    UART5_IRQHandler                         0x08000323   Thumb Code     0  startup_stm32f407xx.o(.text)
    USART3_IRQHandler                        0x08000323   Thumb Code     0  startup_stm32f407xx.o(.text)
    USART6_IRQHandler                        0x08000323   Thumb Code     0  startup_stm32f407xx.o(.text)
    WWDG_IRQHandler                          0x08000323   Thumb Code     0  startup_stm32f407xx.o(.text)
    __user_initial_stackheap                 0x08000325   Thumb Code     0  startup_stm32f407xx.o(.text)
    __aeabi_uldivmod                         0x08000349   Thumb Code     0  lludivv7m.o(.text)
    _ll_udiv                                 0x08000349   Thumb Code   238  lludivv7m.o(.text)
    __aeabi_memcpy                           0x08000437   Thumb Code     0  rt_memcpy_v6.o(.text)
    __rt_memcpy                              0x08000437   Thumb Code   138  rt_memcpy_v6.o(.text)
    _memcpy_lastbytes                        0x0800049d   Thumb Code     0  rt_memcpy_v6.o(.text)
    __aeabi_memset                           0x080004c1   Thumb Code    16  aeabi_memset.o(.text)
    __aeabi_memclr                           0x080004d1   Thumb Code     0  rt_memclr.o(.text)
    __rt_memclr                              0x080004d1   Thumb Code    68  rt_memclr.o(.text)
    _memset                                  0x080004d5   Thumb Code     0  rt_memclr.o(.text)
    __aeabi_memclr4                          0x08000515   Thumb Code     0  rt_memclr_w.o(.text)
    __aeabi_memclr8                          0x08000515   Thumb Code     0  rt_memclr_w.o(.text)
    __rt_memclr_w                            0x08000515   Thumb Code    78  rt_memclr_w.o(.text)
    _memset_w                                0x08000519   Thumb Code     0  rt_memclr_w.o(.text)
    __use_two_region_memory                  0x08000563   Thumb Code     2  heapauxi.o(.text)
    __rt_heap_escrow$2region                 0x08000565   Thumb Code     2  heapauxi.o(.text)
    __rt_heap_expand$2region                 0x08000567   Thumb Code     2  heapauxi.o(.text)
    __aeabi_memcpy4                          0x08000569   Thumb Code     0  rt_memcpy_w.o(.text)
    __aeabi_memcpy8                          0x08000569   Thumb Code     0  rt_memcpy_w.o(.text)
    __rt_memcpy_w                            0x08000569   Thumb Code   100  rt_memcpy_w.o(.text)
    _memcpy_lastbytes_aligned                0x080005b1   Thumb Code     0  rt_memcpy_w.o(.text)
    __user_setup_stackheap                   0x080005cd   Thumb Code    74  sys_stackheap_outer.o(.text)
    exit                                     0x08000617   Thumb Code    18  exit.o(.text)
    __user_libspace                          0x08000629   Thumb Code     8  libspace.o(.text)
    __user_perproc_libspace                  0x08000629   Thumb Code     0  libspace.o(.text)
    __user_perthread_libspace                0x08000629   Thumb Code     0  libspace.o(.text)
    _sys_exit                                0x08000631   Thumb Code     8  sys_exit.o(.text)
    __I$use$semihosting                      0x0800063d   Thumb Code     0  use_no_semi.o(.text)
    __use_no_semihosting_swi                 0x0800063d   Thumb Code     2  use_no_semi.o(.text)
    BusFault_Handler                         0x0800063f   Thumb Code     4  stm32f4xx_it.o(i.BusFault_Handler)
    __semihosting_library_function           0x0800063f   Thumb Code     0  indicate_semi.o(.text)
    CompareCrc16                             0x08000643   Thumb Code    92  crc16.o(i.CompareCrc16)
    Cs_Rs485_Usart1                          0x080006a1   Thumb Code    18  gpio.o(i.Cs_Rs485_Usart1)
    DebugMon_Handler                         0x080006b9   Thumb Code     2  stm32f4xx_it.o(i.DebugMon_Handler)
    Error_Handler                            0x080006bb   Thumb Code     6  main.o(i.Error_Handler)
    GetCrc16                                 0x080006c1   Thumb Code    40  crc16.o(i.GetCrc16)
    GetStatus                                0x080006ed   Thumb Code    72  answerstoquestion.o(i.GetStatus)
    GetUID                                   0x08000741   Thumb Code    18  answerstoquestion.o(i.GetUID)
    HAL_DMA_Abort                            0x08000759   Thumb Code   172  stm32f4xx_hal_dma.o(i.HAL_DMA_Abort)
    HAL_DMA_Abort_IT                         0x08000805   Thumb Code    40  stm32f4xx_hal_dma.o(i.HAL_DMA_Abort_IT)
    HAL_DMA_GetError                         0x0800082d   Thumb Code     6  stm32f4xx_hal_dma.o(i.HAL_DMA_GetError)
    HAL_Delay                                0x08000835   Thumb Code    36  stm32f4xx_hal.o(i.HAL_Delay)
    HAL_GPIO_Init                            0x0800085d   Thumb Code   454  stm32f4xx_hal_gpio.o(i.HAL_GPIO_Init)
    HAL_GPIO_WritePin                        0x08000a51   Thumb Code    12  stm32f4xx_hal_gpio.o(i.HAL_GPIO_WritePin)
    HAL_GetTick                              0x08000a5d   Thumb Code     6  stm32f4xx_hal.o(i.HAL_GetTick)
    HAL_IncTick                              0x08000a69   Thumb Code    16  stm32f4xx_hal.o(i.HAL_IncTick)
    HAL_Init                                 0x08000a81   Thumb Code    54  stm32f4xx_hal.o(i.HAL_Init)
    HAL_InitTick                             0x08000abd   Thumb Code   122  stm32f4xx_hal_timebase_tim.o(i.HAL_InitTick)
    HAL_MspInit                              0x08000b49   Thumb Code    78  stm32f4xx_hal_msp.o(i.HAL_MspInit)
    HAL_NVIC_EnableIRQ                       0x08000b9d   Thumb Code    32  stm32f4xx_hal_cortex.o(i.HAL_NVIC_EnableIRQ)
    HAL_NVIC_SetPriority                     0x08000bbd   Thumb Code   124  stm32f4xx_hal_cortex.o(i.HAL_NVIC_SetPriority)
    HAL_NVIC_SetPriorityGrouping             0x08000c39   Thumb Code    32  stm32f4xx_hal_cortex.o(i.HAL_NVIC_SetPriorityGrouping)
    HAL_RCC_ClockConfig                      0x08000c61   Thumb Code   368  stm32f4xx_hal_rcc.o(i.HAL_RCC_ClockConfig)
    HAL_RCC_GetClockConfig                   0x08000de5   Thumb Code    58  stm32f4xx_hal_rcc.o(i.HAL_RCC_GetClockConfig)
    HAL_RCC_GetHCLKFreq                      0x08000e29   Thumb Code     6  stm32f4xx_hal_rcc.o(i.HAL_RCC_GetHCLKFreq)
    HAL_RCC_GetPCLK1Freq                     0x08000e35   Thumb Code    22  stm32f4xx_hal_rcc.o(i.HAL_RCC_GetPCLK1Freq)
    HAL_RCC_GetPCLK2Freq                     0x08000e55   Thumb Code    22  stm32f4xx_hal_rcc.o(i.HAL_RCC_GetPCLK2Freq)
    HAL_RCC_GetSysClockFreq                  0x08000e75   Thumb Code   162  stm32f4xx_hal_rcc.o(i.HAL_RCC_GetSysClockFreq)
    HAL_RCC_OscConfig                        0x08000f25   Thumb Code  1172  stm32f4xx_hal_rcc.o(i.HAL_RCC_OscConfig)
    HAL_SD_AbortCallback                     0x080013c1   Thumb Code     2  stm32f4xx_hal_sd.o(i.HAL_SD_AbortCallback)
    HAL_SD_ConfigWideBusOperation            0x080013c5   Thumb Code   196  stm32f4xx_hal_sd.o(i.HAL_SD_ConfigWideBusOperation)
    HAL_SD_ErrorCallback                     0x0800148d   Thumb Code     2  stm32f4xx_hal_sd.o(i.HAL_SD_ErrorCallback)
    HAL_SD_GetCardCSD                        0x08001491   Thumb Code   450  stm32f4xx_hal_sd.o(i.HAL_SD_GetCardCSD)
    HAL_SD_GetCardState                      0x08001659   Thumb Code    36  stm32f4xx_hal_sd.o(i.HAL_SD_GetCardState)
    HAL_SD_IRQHandler                        0x0800167d   Thumb Code   530  stm32f4xx_hal_sd.o(i.HAL_SD_IRQHandler)
    HAL_SD_Init                              0x08001899   Thumb Code    60  stm32f4xx_hal_sd.o(i.HAL_SD_Init)
    HAL_SD_InitCard                          0x080018d5   Thumb Code   168  stm32f4xx_hal_sd.o(i.HAL_SD_InitCard)
    HAL_SD_MspInit                           0x08001985   Thumb Code   198  sdio.o(i.HAL_SD_MspInit)
    HAL_SD_RxCpltCallback                    0x08001a5d   Thumb Code     2  stm32f4xx_hal_sd.o(i.HAL_SD_RxCpltCallback)
    HAL_SD_TxCpltCallback                    0x08001a5f   Thumb Code     2  stm32f4xx_hal_sd.o(i.HAL_SD_TxCpltCallback)
    HAL_TIMEx_BreakCallback                  0x08001a61   Thumb Code     2  stm32f4xx_hal_tim_ex.o(i.HAL_TIMEx_BreakCallback)
    HAL_TIMEx_CommutCallback                 0x08001a63   Thumb Code     2  stm32f4xx_hal_tim_ex.o(i.HAL_TIMEx_CommutCallback)
    HAL_TIM_Base_Init                        0x08001a65   Thumb Code   102  stm32f4xx_hal_tim.o(i.HAL_TIM_Base_Init)
    HAL_TIM_Base_MspInit                     0x08001acb   Thumb Code     2  stm32f4xx_hal_tim.o(i.HAL_TIM_Base_MspInit)
    HAL_TIM_Base_Start_IT                    0x08001acd   Thumb Code   138  stm32f4xx_hal_tim.o(i.HAL_TIM_Base_Start_IT)
    HAL_TIM_IC_CaptureCallback               0x08001b75   Thumb Code     2  stm32f4xx_hal_tim.o(i.HAL_TIM_IC_CaptureCallback)
    HAL_TIM_IRQHandler                       0x08001b77   Thumb Code   406  stm32f4xx_hal_tim.o(i.HAL_TIM_IRQHandler)
    HAL_TIM_OC_DelayElapsedCallback          0x08001d0d   Thumb Code     2  stm32f4xx_hal_tim.o(i.HAL_TIM_OC_DelayElapsedCallback)
    HAL_TIM_PWM_PulseFinishedCallback        0x08001d0f   Thumb Code     2  stm32f4xx_hal_tim.o(i.HAL_TIM_PWM_PulseFinishedCallback)
    HAL_TIM_PeriodElapsedCallback            0x08001d11   Thumb Code    18  main.o(i.HAL_TIM_PeriodElapsedCallback)
    HAL_TIM_TriggerCallback                  0x08001d29   Thumb Code     2  stm32f4xx_hal_tim.o(i.HAL_TIM_TriggerCallback)
    HAL_UARTEx_RxEventCallback               0x08001d2b   Thumb Code     2  stm32f4xx_hal_uart.o(i.HAL_UARTEx_RxEventCallback)
    HAL_UART_AbortReceive                    0x08001d2d   Thumb Code   196  stm32f4xx_hal_uart.o(i.HAL_UART_AbortReceive)
    HAL_UART_ErrorCallback                   0x08001df1   Thumb Code    28  usart.o(i.HAL_UART_ErrorCallback)
    HAL_UART_IRQHandler                      0x08001e1d   Thumb Code   732  stm32f4xx_hal_uart.o(i.HAL_UART_IRQHandler)
    HAL_UART_Init                            0x080020fd   Thumb Code   114  stm32f4xx_hal_uart.o(i.HAL_UART_Init)
    HAL_UART_MspInit                         0x08002171   Thumb Code   266  usart.o(i.HAL_UART_MspInit)
    HAL_UART_Receive_IT                      0x08002291   Thumb Code    66  stm32f4xx_hal_uart.o(i.HAL_UART_Receive_IT)
    HAL_UART_RxCpltCallback                  0x080022d5   Thumb Code    22  usart.o(i.HAL_UART_RxCpltCallback)
    HAL_UART_Transmit_IT                     0x080022f9   Thumb Code    88  stm32f4xx_hal_uart.o(i.HAL_UART_Transmit_IT)
    HAL_UART_TxCpltCallback                  0x08002351   Thumb Code    14  usart.o(i.HAL_UART_TxCpltCallback)
    HardFault_Handler                        0x08002369   Thumb Code     4  stm32f4xx_it.o(i.HardFault_Handler)
    IncomingRequest                          0x0800236d   Thumb Code    32  requestssorting.o(i.IncomingRequest)
    MX_FREERTOS_Init                         0x0800238d   Thumb Code    28  freertos.o(i.MX_FREERTOS_Init)
    MX_GPIO_Init                             0x080023bd   Thumb Code   344  gpio.o(i.MX_GPIO_Init)
    MX_SDIO_SD_Init                          0x0800252d   Thumb Code    54  sdio.o(i.MX_SDIO_SD_Init)
    MX_USART1_UART_Init                      0x0800256d   Thumb Code    46  usart.o(i.MX_USART1_UART_Init)
    MX_USART2_UART_Init                      0x080025a5   Thumb Code    46  usart.o(i.MX_USART2_UART_Init)
    MemManage_Handler                        0x080025dd   Thumb Code     4  stm32f4xx_it.o(i.MemManage_Handler)
    NMI_Handler                              0x080025e1   Thumb Code     4  stm32f4xx_it.o(i.NMI_Handler)
    SDIO_ConfigData                          0x080025e5   Thumb Code    44  stm32f4xx_ll_sdmmc.o(i.SDIO_ConfigData)
    SDIO_GetCommandResponse                  0x08002611   Thumb Code     8  stm32f4xx_ll_sdmmc.o(i.SDIO_GetCommandResponse)
    SDIO_GetPowerState                       0x08002619   Thumb Code    10  stm32f4xx_ll_sdmmc.o(i.SDIO_GetPowerState)
    SDIO_GetResponse                         0x08002623   Thumb Code    12  stm32f4xx_ll_sdmmc.o(i.SDIO_GetResponse)
    SDIO_IRQHandler                          0x08002631   Thumb Code    10  stm32f4xx_it.o(i.SDIO_IRQHandler)
    SDIO_Init                                0x08002641   Thumb Code    52  stm32f4xx_ll_sdmmc.o(i.SDIO_Init)
    SDIO_PowerState_ON                       0x08002675   Thumb Code    10  stm32f4xx_ll_sdmmc.o(i.SDIO_PowerState_ON)
    SDIO_ReadFIFO                            0x0800267f   Thumb Code     8  stm32f4xx_ll_sdmmc.o(i.SDIO_ReadFIFO)
    SDIO_SendCommand                         0x08002687   Thumb Code    40  stm32f4xx_ll_sdmmc.o(i.SDIO_SendCommand)
    SDIO_WriteFIFO                           0x080026af   Thumb Code    12  stm32f4xx_ll_sdmmc.o(i.SDIO_WriteFIFO)
    SDMMC_CmdAppCommand                      0x080026bb   Thumb Code    56  stm32f4xx_ll_sdmmc.o(i.SDMMC_CmdAppCommand)
    SDMMC_CmdAppOperCommand                  0x080026f5   Thumb Code    54  stm32f4xx_ll_sdmmc.o(i.SDMMC_CmdAppOperCommand)
    SDMMC_CmdBlockLength                     0x08002731   Thumb Code    56  stm32f4xx_ll_sdmmc.o(i.SDMMC_CmdBlockLength)
    SDMMC_CmdBusWidth                        0x08002769   Thumb Code    56  stm32f4xx_ll_sdmmc.o(i.SDMMC_CmdBusWidth)
    SDMMC_CmdGoIdleState                     0x080027a1   Thumb Code    44  stm32f4xx_ll_sdmmc.o(i.SDMMC_CmdGoIdleState)
    SDMMC_CmdOperCond                        0x080027cd   Thumb Code    52  stm32f4xx_ll_sdmmc.o(i.SDMMC_CmdOperCond)
    SDMMC_CmdSelDesel                        0x08002801   Thumb Code    58  stm32f4xx_ll_sdmmc.o(i.SDMMC_CmdSelDesel)
    SDMMC_CmdSendCID                         0x0800283b   Thumb Code    50  stm32f4xx_ll_sdmmc.o(i.SDMMC_CmdSendCID)
    SDMMC_CmdSendCSD                         0x0800286d   Thumb Code    50  stm32f4xx_ll_sdmmc.o(i.SDMMC_CmdSendCSD)
    SDMMC_CmdSendSCR                         0x0800289f   Thumb Code    56  stm32f4xx_ll_sdmmc.o(i.SDMMC_CmdSendSCR)
    SDMMC_CmdSendStatus                      0x080028d7   Thumb Code    56  stm32f4xx_ll_sdmmc.o(i.SDMMC_CmdSendStatus)
    SDMMC_CmdSetRelAdd                       0x0800290f   Thumb Code    56  stm32f4xx_ll_sdmmc.o(i.SDMMC_CmdSetRelAdd)
    SDMMC_CmdStopTransfer                    0x08002949   Thumb Code    54  stm32f4xx_ll_sdmmc.o(i.SDMMC_CmdStopTransfer)
    SDMMC_GetCmdResp1                        0x080029c5   Thumb Code   418  stm32f4xx_ll_sdmmc.o(i.SDMMC_GetCmdResp1)
    SDMMC_GetCmdResp2                        0x08002b71   Thumb Code    96  stm32f4xx_ll_sdmmc.o(i.SDMMC_GetCmdResp2)
    SDMMC_GetCmdResp3                        0x08002bd5   Thumb Code    82  stm32f4xx_ll_sdmmc.o(i.SDMMC_GetCmdResp3)
    SDMMC_GetCmdResp6                        0x08002c2d   Thumb Code   180  stm32f4xx_ll_sdmmc.o(i.SDMMC_GetCmdResp6)
    SDMMC_GetCmdResp7                        0x08002ce5   Thumb Code   104  stm32f4xx_ll_sdmmc.o(i.SDMMC_GetCmdResp7)
    SendDataUsart1                           0x08003291   Thumb Code    34  usart.o(i.SendDataUsart1)
    StartDefaultTask                         0x080032b9   Thumb Code   118  freertos.o(i.StartDefaultTask)
    SysTick_Handler                          0x08003339   Thumb Code    22  cmsis_os2.o(i.SysTick_Handler)
    SystemClock_Config                       0x08003351   Thumb Code   172  main.o(i.SystemClock_Config)
    SystemInit                               0x08003405   Thumb Code    14  system_stm32f4xx.o(i.SystemInit)
    TIM7_IRQHandler                          0x08003419   Thumb Code    10  stm32f4xx_it.o(i.TIM7_IRQHandler)
    TIM_Base_SetConfig                       0x08003429   Thumb Code   170  stm32f4xx_hal_tim.o(i.TIM_Base_SetConfig)
    UART_Start_Receive_IT                    0x080038c5   Thumb Code    74  stm32f4xx_hal_uart.o(i.UART_Start_Receive_IT)
    USART1_IRQHandler                        0x08003971   Thumb Code    10  stm32f4xx_it.o(i.USART1_IRQHandler)
    USART2_IRQHandler                        0x08003981   Thumb Code    10  stm32f4xx_it.o(i.USART2_IRQHandler)
    UsageFault_Handler                       0x08003991   Thumb Code     4  stm32f4xx_it.o(i.UsageFault_Handler)
    main                                     0x080039d3   Thumb Code    40  main.o(i.main)
    osDelay                                  0x080039fb   Thumb Code    30  cmsis_os2.o(i.osDelay)
    osKernelInitialize                       0x08003a19   Thumb Code    38  cmsis_os2.o(i.osKernelInitialize)
    osKernelStart                            0x08003a45   Thumb Code    82  cmsis_os2.o(i.osKernelStart)
    osThreadNew                              0x08003aa5   Thumb Code   184  cmsis_os2.o(i.osThreadNew)
    pvPortMalloc                             0x08004581   Thumb Code   306  heap_4.o(i.pvPortMalloc)
    pxPortInitialiseStack                    0x080046cd   Thumb Code    38  port.o(i.pxPortInitialiseStack)
    uxListRemove                             0x080046f9   Thumb Code    40  list.o(i.uxListRemove)
    vApplicationGetIdleTaskMemory            0x08004721   Thumb Code    14  cmsis_os2.o(i.vApplicationGetIdleTaskMemory)
    vApplicationGetTimerTaskMemory           0x08004739   Thumb Code    16  cmsis_os2.o(i.vApplicationGetTimerTaskMemory)
    vListInitialise                          0x08004751   Thumb Code    26  list.o(i.vListInitialise)
    vListInitialiseItem                      0x0800476b   Thumb Code     6  list.o(i.vListInitialiseItem)
    vListInsert                              0x08004771   Thumb Code    52  list.o(i.vListInsert)
    vListInsertEnd                           0x080047a5   Thumb Code    24  list.o(i.vListInsertEnd)
    vPortEnterCritical                       0x080047bd   Thumb Code    76  port.o(i.vPortEnterCritical)
    vPortExitCritical                        0x08004811   Thumb Code    56  port.o(i.vPortExitCritical)
    vPortFree                                0x0800484d   Thumb Code   150  heap_4.o(i.vPortFree)
    vPortSetupTimerInterrupt                 0x080048f1   Thumb Code    36  port.o(i.vPortSetupTimerInterrupt)
    vPortValidateInterruptPriority           0x08004919   Thumb Code   106  port.o(i.vPortValidateInterruptPriority)
    vQueueAddToRegistry                      0x08004991   Thumb Code    38  queue.o(i.vQueueAddToRegistry)
    vQueueWaitForMessageRestricted           0x080049bd   Thumb Code    74  queue.o(i.vQueueWaitForMessageRestricted)
    vTaskDelay                               0x08004a09   Thumb Code    82  tasks.o(i.vTaskDelay)
    vTaskInternalSetTimeOutState             0x08004a65   Thumb Code    14  tasks.o(i.vTaskInternalSetTimeOutState)
    vTaskMissedYield                         0x08004a7d   Thumb Code     8  tasks.o(i.vTaskMissedYield)
    vTaskPlaceOnEventList                    0x08004a89   Thumb Code    52  tasks.o(i.vTaskPlaceOnEventList)
    vTaskPlaceOnEventListRestricted          0x08004ac1   Thumb Code    60  tasks.o(i.vTaskPlaceOnEventListRestricted)
    vTaskStartScheduler                      0x08004b01   Thumb Code   156  tasks.o(i.vTaskStartScheduler)
    vTaskSuspendAll                          0x08004bb9   Thumb Code    12  tasks.o(i.vTaskSuspendAll)
    vTaskSwitchContext                       0x08004bc9   Thumb Code   122  tasks.o(i.vTaskSwitchContext)
    xPortStartScheduler                      0x08004c59   Thumb Code   330  port.o(i.xPortStartScheduler)
    xPortSysTickHandler                      0x08004dc1   Thumb Code    46  port.o(i.xPortSysTickHandler)
    xQueueGenericCreateStatic                0x08004df5   Thumb Code   224  queue.o(i.xQueueGenericCreateStatic)
    xQueueGenericReset                       0x08004ed5   Thumb Code   146  queue.o(i.xQueueGenericReset)
    xQueueGenericSend                        0x08004f6d   Thumb Code   420  queue.o(i.xQueueGenericSend)
    xQueueGenericSendFromISR                 0x08005115   Thumb Code   252  queue.o(i.xQueueGenericSendFromISR)
    xQueueReceive                            0x08005211   Thumb Code   356  queue.o(i.xQueueReceive)
    xTaskCheckForTimeOut                     0x08005379   Thumb Code   132  tasks.o(i.xTaskCheckForTimeOut)
    xTaskCreate                              0x08005405   Thumb Code   100  tasks.o(i.xTaskCreate)
    xTaskCreateStatic                        0x08005469   Thumb Code   186  tasks.o(i.xTaskCreateStatic)
    xTaskGetSchedulerState                   0x08005525   Thumb Code    24  tasks.o(i.xTaskGetSchedulerState)
    xTaskGetTickCount                        0x08005545   Thumb Code     6  tasks.o(i.xTaskGetTickCount)
    xTaskIncrementTick                       0x08005551   Thumb Code   280  tasks.o(i.xTaskIncrementTick)
    xTaskPriorityDisinherit                  0x08005695   Thumb Code   152  tasks.o(i.xTaskPriorityDisinherit)
    xTaskRemoveFromEventList                 0x08005739   Thumb Code   126  tasks.o(i.xTaskRemoveFromEventList)
    xTaskResumeAll                           0x080057d1   Thumb Code   222  tasks.o(i.xTaskResumeAll)
    xTimerCreateTimerTask                    0x080058d5   Thumb Code   100  timers.o(i.xTimerCreateTimerTask)
    xTimerGenericCommand                     0x0800594d   Thumb Code   128  timers.o(i.xTimerGenericCommand)
    _fp_init                                 0x080059d1   Thumb Code    10  fpinit.o(x$fpl$fpinit)
    __fplib_config_fpu_vfp                   0x080059d9   Thumb Code     0  fpinit.o(x$fpl$fpinit)
    __fplib_config_pureend_doubles           0x080059d9   Thumb Code     0  fpinit.o(x$fpl$fpinit)
    defaultTask_attributes                   0x080059dc   Data          36  freertos.o(.constdata)
    AHBPrescTable                            0x08005a00   Data          16  system_stm32f4xx.o(.constdata)
    APBPrescTable                            0x08005a10   Data           8  system_stm32f4xx.o(.constdata)
    Region$$Table$$Base                      0x08005a24   Number         0  anon$$obj.o(Region$$Table)
    Region$$Table$$Limit                     0x08005a44   Number         0  anon$$obj.o(Region$$Table)
    access                                   0x20000000   Data           1  freertos.o(.data)
    result                                   0x20000002   Data           2  freertos.o(.data)
    statusState                              0x20000004   Data           1  freertos.o(.data)
    defaultTaskHandle                        0x20000008   Data           4  freertos.o(.data)
    transmitComplete                         0x2000000c   Data           1  usart.o(.data)
    errorTransmit                            0x2000000d   Data           1  usart.o(.data)
    uwTick                                   0x20000010   Data           4  stm32f4xx_hal.o(.data)
    uwTickPrio                               0x20000014   Data           4  stm32f4xx_hal.o(.data)
    uwTickFreq                               0x20000018   Data           1  stm32f4xx_hal.o(.data)
    SystemCoreClock                          0x2000001c   Data           4  system_stm32f4xx.o(.data)
    pxCurrentTCB                             0x20000020   Data           4  tasks.o(.data)
    crc                                      0x200000a0   Data           2  answerstoquestion.o(.data)
    crcTable                                 0x200000a2   Data         512  crc16.o(.data)
    hsd                                      0x200002a4   Data         132  sdio.o(.bss)
    tx_usart_data                            0x20000328   Data         255  usart.o(.bss)
    rx_usart1_data                           0x20000427   Data         255  usart.o(.bss)
    huart1                                   0x20000528   Data          68  usart.o(.bss)
    huart2                                   0x2000056c   Data          68  usart.o(.bss)
    htim7                                    0x200005b0   Data          72  stm32f4xx_hal_timebase_tim.o(.bss)
    xQueueRegistry                           0x200005f8   Data          64  queue.o(.bss)
    __libspace_start                         0x20004ecc   Data          96  libspace.o(.bss)
    __temporary_stack_top$libspace           0x20004f2c   Data           0  libspace.o(.bss)



==============================================================================

Memory Map of the image

  Image Entry point : 0x08000189

  Load Region LR_IROM1 (Base: 0x08000000, Size: 0x00005ce8, Max: 0x00100000, ABSOLUTE, COMPRESSED[0x00005c58])

    Execution Region ER_IROM1 (Exec base: 0x08000000, Load base: 0x08000000, Size: 0x00005a44, Max: 0x00100000, ABSOLUTE)

    Exec Addr    Load Addr    Size         Type   Attr      Idx    E Section Name        Object

    0x08000000   0x08000000   0x00000188   Data   RO            3    RESET               startup_stm32f407xx.o
    0x08000188   0x08000188   0x00000008   Code   RO         5748  * !!!main             c_w.l(__main.o)
    0x08000190   0x08000190   0x00000034   Code   RO         5921    !!!scatter          c_w.l(__scatter.o)
    0x080001c4   0x080001c4   0x0000003a   Code   RO         5919    !!dczerorl          c_w.l(__dczerorl.o)
    0x080001fe   0x080001fe   0x00000002   PAD
    0x08000200   0x08000200   0x0000001c   Code   RO         5923    !!handler_zi        c_w.l(__scatter_zi.o)
    0x0800021c   0x0800021c   0x00000002   Code   RO         5787    .ARM.Collect$$libinit$$00000000  c_w.l(libinit.o)
    0x0800021e   0x0800021e   0x00000004   Code   RO         5799    .ARM.Collect$$libinit$$00000001  c_w.l(libinit2.o)
    0x08000222   0x08000222   0x00000000   Code   RO         5802    .ARM.Collect$$libinit$$00000004  c_w.l(libinit2.o)
    0x08000222   0x08000222   0x00000000   Code   RO         5805    .ARM.Collect$$libinit$$0000000A  c_w.l(libinit2.o)
    0x08000222   0x08000222   0x00000000   Code   RO         5807    .ARM.Collect$$libinit$$0000000C  c_w.l(libinit2.o)
    0x08000222   0x08000222   0x00000000   Code   RO         5809    .ARM.Collect$$libinit$$0000000E  c_w.l(libinit2.o)
    0x08000222   0x08000222   0x00000000   Code   RO         5812    .ARM.Collect$$libinit$$00000011  c_w.l(libinit2.o)
    0x08000222   0x08000222   0x00000000   Code   RO         5814    .ARM.Collect$$libinit$$00000013  c_w.l(libinit2.o)
    0x08000222   0x08000222   0x00000000   Code   RO         5816    .ARM.Collect$$libinit$$00000015  c_w.l(libinit2.o)
    0x08000222   0x08000222   0x00000000   Code   RO         5818    .ARM.Collect$$libinit$$00000017  c_w.l(libinit2.o)
    0x08000222   0x08000222   0x00000000   Code   RO         5820    .ARM.Collect$$libinit$$00000019  c_w.l(libinit2.o)
    0x08000222   0x08000222   0x00000000   Code   RO         5822    .ARM.Collect$$libinit$$0000001B  c_w.l(libinit2.o)
    0x08000222   0x08000222   0x00000000   Code   RO         5824    .ARM.Collect$$libinit$$0000001D  c_w.l(libinit2.o)
    0x08000222   0x08000222   0x00000000   Code   RO         5826    .ARM.Collect$$libinit$$0000001F  c_w.l(libinit2.o)
    0x08000222   0x08000222   0x00000000   Code   RO         5828    .ARM.Collect$$libinit$$00000021  c_w.l(libinit2.o)
    0x08000222   0x08000222   0x00000000   Code   RO         5830    .ARM.Collect$$libinit$$00000023  c_w.l(libinit2.o)
    0x08000222   0x08000222   0x00000000   Code   RO         5832    .ARM.Collect$$libinit$$00000025  c_w.l(libinit2.o)
    0x08000222   0x08000222   0x00000000   Code   RO         5836    .ARM.Collect$$libinit$$0000002C  c_w.l(libinit2.o)
    0x08000222   0x08000222   0x00000000   Code   RO         5838    .ARM.Collect$$libinit$$0000002E  c_w.l(libinit2.o)
    0x08000222   0x08000222   0x00000000   Code   RO         5840    .ARM.Collect$$libinit$$00000030  c_w.l(libinit2.o)
    0x08000222   0x08000222   0x00000000   Code   RO         5842    .ARM.Collect$$libinit$$00000032  c_w.l(libinit2.o)
    0x08000222   0x08000222   0x00000002   Code   RO         5843    .ARM.Collect$$libinit$$00000033  c_w.l(libinit2.o)
    0x08000224   0x08000224   0x00000002   Code   RO         5874    .ARM.Collect$$libshutdown$$00000000  c_w.l(libshutdown.o)
    0x08000226   0x08000226   0x00000000   Code   RO         5900    .ARM.Collect$$libshutdown$$00000002  c_w.l(libshutdown2.o)
    0x08000226   0x08000226   0x00000000   Code   RO         5902    .ARM.Collect$$libshutdown$$00000004  c_w.l(libshutdown2.o)
    0x08000226   0x08000226   0x00000000   Code   RO         5904    .ARM.Collect$$libshutdown$$00000006  c_w.l(libshutdown2.o)
    0x08000226   0x08000226   0x00000000   Code   RO         5907    .ARM.Collect$$libshutdown$$00000009  c_w.l(libshutdown2.o)
    0x08000226   0x08000226   0x00000000   Code   RO         5910    .ARM.Collect$$libshutdown$$0000000C  c_w.l(libshutdown2.o)
    0x08000226   0x08000226   0x00000000   Code   RO         5912    .ARM.Collect$$libshutdown$$0000000E  c_w.l(libshutdown2.o)
    0x08000226   0x08000226   0x00000000   Code   RO         5915    .ARM.Collect$$libshutdown$$00000011  c_w.l(libshutdown2.o)
    0x08000226   0x08000226   0x00000002   Code   RO         5916    .ARM.Collect$$libshutdown$$00000012  c_w.l(libshutdown2.o)
    0x08000228   0x08000228   0x00000000   Code   RO         5750    .ARM.Collect$$rtentry$$00000000  c_w.l(__rtentry.o)
    0x08000228   0x08000228   0x00000000   Code   RO         5758    .ARM.Collect$$rtentry$$00000002  c_w.l(__rtentry2.o)
    0x08000228   0x08000228   0x00000006   Code   RO         5770    .ARM.Collect$$rtentry$$00000004  c_w.l(__rtentry4.o)
    0x0800022e   0x0800022e   0x00000000   Code   RO         5760    .ARM.Collect$$rtentry$$00000009  c_w.l(__rtentry2.o)
    0x0800022e   0x0800022e   0x00000004   Code   RO         5761    .ARM.Collect$$rtentry$$0000000A  c_w.l(__rtentry2.o)
    0x08000232   0x08000232   0x00000000   Code   RO         5763    .ARM.Collect$$rtentry$$0000000C  c_w.l(__rtentry2.o)
    0x08000232   0x08000232   0x00000008   Code   RO         5764    .ARM.Collect$$rtentry$$0000000D  c_w.l(__rtentry2.o)
    0x0800023a   0x0800023a   0x00000002   Code   RO         5791    .ARM.Collect$$rtexit$$00000000  c_w.l(rtexit.o)
    0x0800023c   0x0800023c   0x00000000   Code   RO         5847    .ARM.Collect$$rtexit$$00000002  c_w.l(rtexit2.o)
    0x0800023c   0x0800023c   0x00000004   Code   RO         5848    .ARM.Collect$$rtexit$$00000003  c_w.l(rtexit2.o)
    0x08000240   0x08000240   0x00000006   Code   RO         5849    .ARM.Collect$$rtexit$$00000004  c_w.l(rtexit2.o)
    0x08000246   0x08000246   0x00000002   PAD
    0x08000248   0x08000248   0x000000be   Code   RO         5560    .emb_text           port.o
    0x08000306   0x08000306   0x00000002   PAD
    0x08000308   0x08000308   0x00000040   Code   RO            4    .text               startup_stm32f407xx.o
    0x08000348   0x08000348   0x000000ee   Code   RO         5734    .text               c_w.l(lludivv7m.o)
    0x08000436   0x08000436   0x0000008a   Code   RO         5736    .text               c_w.l(rt_memcpy_v6.o)
    0x080004c0   0x080004c0   0x00000010   Code   RO         5740    .text               c_w.l(aeabi_memset.o)
    0x080004d0   0x080004d0   0x00000044   Code   RO         5742    .text               c_w.l(rt_memclr.o)
    0x08000514   0x08000514   0x0000004e   Code   RO         5744    .text               c_w.l(rt_memclr_w.o)
    0x08000562   0x08000562   0x00000006   Code   RO         5746    .text               c_w.l(heapauxi.o)
    0x08000568   0x08000568   0x00000064   Code   RO         5755    .text               c_w.l(rt_memcpy_w.o)
    0x080005cc   0x080005cc   0x0000004a   Code   RO         5774    .text               c_w.l(sys_stackheap_outer.o)
    0x08000616   0x08000616   0x00000012   Code   RO         5776    .text               c_w.l(exit.o)
    0x08000628   0x08000628   0x00000008   Code   RO         5788    .text               c_w.l(libspace.o)
    0x08000630   0x08000630   0x0000000c   Code   RO         5844    .text               c_w.l(sys_exit.o)
    0x0800063c   0x0800063c   0x00000002   Code   RO         5863    .text               c_w.l(use_no_semi.o)
    0x0800063e   0x0800063e   0x00000000   Code   RO         5865    .text               c_w.l(indicate_semi.o)
    0x0800063e   0x0800063e   0x00000004   Code   RO          568    i.BusFault_Handler  stm32f4xx_it.o
    0x08000642   0x08000642   0x0000005c   Code   RO         5677    i.CompareCrc16      crc16.o
    0x0800069e   0x0800069e   0x00000002   PAD
    0x080006a0   0x080006a0   0x00000018   Code   RO          208    i.Cs_Rs485_Usart1   gpio.o
    0x080006b8   0x080006b8   0x00000002   Code   RO          569    i.DebugMon_Handler  stm32f4xx_it.o
    0x080006ba   0x080006ba   0x00000006   Code   RO           13    i.Error_Handler     main.o
    0x080006c0   0x080006c0   0x0000002c   Code   RO         5678    i.GetCrc16          crc16.o
    0x080006ec   0x080006ec   0x00000054   Code   RO         5640    i.GetStatus         answerstoquestion.o
    0x08000740   0x08000740   0x00000018   Code   RO         5641    i.GetUID            answerstoquestion.o
    0x08000758   0x08000758   0x000000ac   Code   RO         1220    i.HAL_DMA_Abort     stm32f4xx_hal_dma.o
    0x08000804   0x08000804   0x00000028   Code   RO         1221    i.HAL_DMA_Abort_IT  stm32f4xx_hal_dma.o
    0x0800082c   0x0800082c   0x00000006   Code   RO         1223    i.HAL_DMA_GetError  stm32f4xx_hal_dma.o
    0x08000832   0x08000832   0x00000002   PAD
    0x08000834   0x08000834   0x00000028   Code   RO         1644    i.HAL_Delay         stm32f4xx_hal.o
    0x0800085c   0x0800085c   0x000001f4   Code   RO         1113    i.HAL_GPIO_Init     stm32f4xx_hal_gpio.o
    0x08000a50   0x08000a50   0x0000000c   Code   RO         1117    i.HAL_GPIO_WritePin  stm32f4xx_hal_gpio.o
    0x08000a5c   0x08000a5c   0x0000000c   Code   RO         1650    i.HAL_GetTick       stm32f4xx_hal.o
    0x08000a68   0x08000a68   0x00000018   Code   RO         1656    i.HAL_IncTick       stm32f4xx_hal.o
    0x08000a80   0x08000a80   0x0000003c   Code   RO         1657    i.HAL_Init          stm32f4xx_hal.o
    0x08000abc   0x08000abc   0x0000008c   Code   RO          674    i.HAL_InitTick      stm32f4xx_hal_timebase_tim.o
    0x08000b48   0x08000b48   0x00000054   Code   RO          650    i.HAL_MspInit       stm32f4xx_hal_msp.o
    0x08000b9c   0x08000b9c   0x00000020   Code   RO         1502    i.HAL_NVIC_EnableIRQ  stm32f4xx_hal_cortex.o
    0x08000bbc   0x08000bbc   0x0000007c   Code   RO         1508    i.HAL_NVIC_SetPriority  stm32f4xx_hal_cortex.o
    0x08000c38   0x08000c38   0x00000028   Code   RO         1509    i.HAL_NVIC_SetPriorityGrouping  stm32f4xx_hal_cortex.o
    0x08000c60   0x08000c60   0x00000184   Code   RO          714    i.HAL_RCC_ClockConfig  stm32f4xx_hal_rcc.o
    0x08000de4   0x08000de4   0x00000044   Code   RO          718    i.HAL_RCC_GetClockConfig  stm32f4xx_hal_rcc.o
    0x08000e28   0x08000e28   0x0000000c   Code   RO          719    i.HAL_RCC_GetHCLKFreq  stm32f4xx_hal_rcc.o
    0x08000e34   0x08000e34   0x00000020   Code   RO          721    i.HAL_RCC_GetPCLK1Freq  stm32f4xx_hal_rcc.o
    0x08000e54   0x08000e54   0x00000020   Code   RO          722    i.HAL_RCC_GetPCLK2Freq  stm32f4xx_hal_rcc.o
    0x08000e74   0x08000e74   0x000000b0   Code   RO          723    i.HAL_RCC_GetSysClockFreq  stm32f4xx_hal_rcc.o
    0x08000f24   0x08000f24   0x0000049c   Code   RO          726    i.HAL_RCC_OscConfig  stm32f4xx_hal_rcc.o
    0x080013c0   0x080013c0   0x00000002   Code   RO         2189    i.HAL_SD_AbortCallback  stm32f4xx_hal_sd.o
    0x080013c2   0x080013c2   0x00000002   PAD
    0x080013c4   0x080013c4   0x000000c8   Code   RO         2191    i.HAL_SD_ConfigWideBusOperation  stm32f4xx_hal_sd.o
    0x0800148c   0x0800148c   0x00000002   Code   RO         2194    i.HAL_SD_ErrorCallback  stm32f4xx_hal_sd.o
    0x0800148e   0x0800148e   0x00000002   PAD
    0x08001490   0x08001490   0x000001c8   Code   RO         2196    i.HAL_SD_GetCardCSD  stm32f4xx_hal_sd.o
    0x08001658   0x08001658   0x00000024   Code   RO         2198    i.HAL_SD_GetCardState  stm32f4xx_hal_sd.o
    0x0800167c   0x0800167c   0x0000021c   Code   RO         2202    i.HAL_SD_IRQHandler  stm32f4xx_hal_sd.o
    0x08001898   0x08001898   0x0000003c   Code   RO         2203    i.HAL_SD_Init       stm32f4xx_hal_sd.o
    0x080018d4   0x080018d4   0x000000b0   Code   RO         2204    i.HAL_SD_InitCard   stm32f4xx_hal_sd.o
    0x08001984   0x08001984   0x000000d8   Code   RO          442    i.HAL_SD_MspInit    sdio.o
    0x08001a5c   0x08001a5c   0x00000002   Code   RO         2210    i.HAL_SD_RxCpltCallback  stm32f4xx_hal_sd.o
    0x08001a5e   0x08001a5e   0x00000002   Code   RO         2211    i.HAL_SD_TxCpltCallback  stm32f4xx_hal_sd.o
    0x08001a60   0x08001a60   0x00000002   Code   RO         3160    i.HAL_TIMEx_BreakCallback  stm32f4xx_hal_tim_ex.o
    0x08001a62   0x08001a62   0x00000002   Code   RO         3161    i.HAL_TIMEx_CommutCallback  stm32f4xx_hal_tim_ex.o
    0x08001a64   0x08001a64   0x00000066   Code   RO         2445    i.HAL_TIM_Base_Init  stm32f4xx_hal_tim.o
    0x08001aca   0x08001aca   0x00000002   Code   RO         2447    i.HAL_TIM_Base_MspInit  stm32f4xx_hal_tim.o
    0x08001acc   0x08001acc   0x000000a8   Code   RO         2450    i.HAL_TIM_Base_Start_IT  stm32f4xx_hal_tim.o
    0x08001b74   0x08001b74   0x00000002   Code   RO         2479    i.HAL_TIM_IC_CaptureCallback  stm32f4xx_hal_tim.o
    0x08001b76   0x08001b76   0x00000196   Code   RO         2493    i.HAL_TIM_IRQHandler  stm32f4xx_hal_tim.o
    0x08001d0c   0x08001d0c   0x00000002   Code   RO         2496    i.HAL_TIM_OC_DelayElapsedCallback  stm32f4xx_hal_tim.o
    0x08001d0e   0x08001d0e   0x00000002   Code   RO         2523    i.HAL_TIM_PWM_PulseFinishedCallback  stm32f4xx_hal_tim.o
    0x08001d10   0x08001d10   0x00000018   Code   RO           14    i.HAL_TIM_PeriodElapsedCallback  main.o
    0x08001d28   0x08001d28   0x00000002   Code   RO         2536    i.HAL_TIM_TriggerCallback  stm32f4xx_hal_tim.o
    0x08001d2a   0x08001d2a   0x00000002   Code   RO         3438    i.HAL_UARTEx_RxEventCallback  stm32f4xx_hal_uart.o
    0x08001d2c   0x08001d2c   0x000000c4   Code   RO         3441    i.HAL_UART_AbortReceive  stm32f4xx_hal_uart.o
    0x08001df0   0x08001df0   0x0000002c   Code   RO          484    i.HAL_UART_ErrorCallback  usart.o
    0x08001e1c   0x08001e1c   0x000002e0   Code   RO         3455    i.HAL_UART_IRQHandler  stm32f4xx_hal_uart.o
    0x080020fc   0x080020fc   0x00000072   Code   RO         3456    i.HAL_UART_Init     stm32f4xx_hal_uart.o
    0x0800216e   0x0800216e   0x00000002   PAD
    0x08002170   0x08002170   0x00000120   Code   RO          486    i.HAL_UART_MspInit  usart.o
    0x08002290   0x08002290   0x00000042   Code   RO         3461    i.HAL_UART_Receive_IT  stm32f4xx_hal_uart.o
    0x080022d2   0x080022d2   0x00000002   PAD
    0x080022d4   0x080022d4   0x00000024   Code   RO          487    i.HAL_UART_RxCpltCallback  usart.o
    0x080022f8   0x080022f8   0x00000058   Code   RO         3466    i.HAL_UART_Transmit_IT  stm32f4xx_hal_uart.o
    0x08002350   0x08002350   0x00000018   Code   RO          488    i.HAL_UART_TxCpltCallback  usart.o
    0x08002368   0x08002368   0x00000004   Code   RO          570    i.HardFault_Handler  stm32f4xx_it.o
    0x0800236c   0x0800236c   0x00000020   Code   RO         5710    i.IncomingRequest   requestssorting.o
    0x0800238c   0x0800238c   0x00000030   Code   RO          388    i.MX_FREERTOS_Init  freertos.o
    0x080023bc   0x080023bc   0x00000170   Code   RO          223    i.MX_GPIO_Init      gpio.o
    0x0800252c   0x0800252c   0x00000040   Code   RO          443    i.MX_SDIO_SD_Init   sdio.o
    0x0800256c   0x0800256c   0x00000038   Code   RO          489    i.MX_USART1_UART_Init  usart.o
    0x080025a4   0x080025a4   0x00000038   Code   RO          490    i.MX_USART2_UART_Init  usart.o
    0x080025dc   0x080025dc   0x00000004   Code   RO          571    i.MemManage_Handler  stm32f4xx_it.o
    0x080025e0   0x080025e0   0x00000004   Code   RO          572    i.NMI_Handler       stm32f4xx_it.o
    0x080025e4   0x080025e4   0x0000002c   Code   RO         1895    i.SDIO_ConfigData   stm32f4xx_ll_sdmmc.o
    0x08002610   0x08002610   0x00000008   Code   RO         1896    i.SDIO_GetCommandResponse  stm32f4xx_ll_sdmmc.o
    0x08002618   0x08002618   0x0000000a   Code   RO         1899    i.SDIO_GetPowerState  stm32f4xx_ll_sdmmc.o
    0x08002622   0x08002622   0x0000000c   Code   RO         1900    i.SDIO_GetResponse  stm32f4xx_ll_sdmmc.o
    0x0800262e   0x0800262e   0x00000002   PAD
    0x08002630   0x08002630   0x00000010   Code   RO          573    i.SDIO_IRQHandler   stm32f4xx_it.o
    0x08002640   0x08002640   0x00000034   Code   RO         1901    i.SDIO_Init         stm32f4xx_ll_sdmmc.o
    0x08002674   0x08002674   0x0000000a   Code   RO         1903    i.SDIO_PowerState_ON  stm32f4xx_ll_sdmmc.o
    0x0800267e   0x0800267e   0x00000008   Code   RO         1904    i.SDIO_ReadFIFO     stm32f4xx_ll_sdmmc.o
    0x08002686   0x08002686   0x00000028   Code   RO         1905    i.SDIO_SendCommand  stm32f4xx_ll_sdmmc.o
    0x080026ae   0x080026ae   0x0000000c   Code   RO         1907    i.SDIO_WriteFIFO    stm32f4xx_ll_sdmmc.o
    0x080026ba   0x080026ba   0x00000038   Code   RO         1908    i.SDMMC_CmdAppCommand  stm32f4xx_ll_sdmmc.o
    0x080026f2   0x080026f2   0x00000002   PAD
    0x080026f4   0x080026f4   0x0000003c   Code   RO         1909    i.SDMMC_CmdAppOperCommand  stm32f4xx_ll_sdmmc.o
    0x08002730   0x08002730   0x00000038   Code   RO         1910    i.SDMMC_CmdBlockLength  stm32f4xx_ll_sdmmc.o
    0x08002768   0x08002768   0x00000038   Code   RO         1911    i.SDMMC_CmdBusWidth  stm32f4xx_ll_sdmmc.o
    0x080027a0   0x080027a0   0x0000002c   Code   RO         1915    i.SDMMC_CmdGoIdleState  stm32f4xx_ll_sdmmc.o
    0x080027cc   0x080027cc   0x00000034   Code   RO         1917    i.SDMMC_CmdOperCond  stm32f4xx_ll_sdmmc.o
    0x08002800   0x08002800   0x0000003a   Code   RO         1922    i.SDMMC_CmdSelDesel  stm32f4xx_ll_sdmmc.o
    0x0800283a   0x0800283a   0x00000032   Code   RO         1923    i.SDMMC_CmdSendCID  stm32f4xx_ll_sdmmc.o
    0x0800286c   0x0800286c   0x00000032   Code   RO         1924    i.SDMMC_CmdSendCSD  stm32f4xx_ll_sdmmc.o
    0x0800289e   0x0800289e   0x00000038   Code   RO         1926    i.SDMMC_CmdSendSCR  stm32f4xx_ll_sdmmc.o
    0x080028d6   0x080028d6   0x00000038   Code   RO         1927    i.SDMMC_CmdSendStatus  stm32f4xx_ll_sdmmc.o
    0x0800290e   0x0800290e   0x00000038   Code   RO         1928    i.SDMMC_CmdSetRelAdd  stm32f4xx_ll_sdmmc.o
    0x08002946   0x08002946   0x00000002   PAD
    0x08002948   0x08002948   0x0000003c   Code   RO         1931    i.SDMMC_CmdStopTransfer  stm32f4xx_ll_sdmmc.o
    0x08002984   0x08002984   0x00000040   Code   RO         1935    i.SDMMC_GetCmdError  stm32f4xx_ll_sdmmc.o
    0x080029c4   0x080029c4   0x000001ac   Code   RO         1936    i.SDMMC_GetCmdResp1  stm32f4xx_ll_sdmmc.o
    0x08002b70   0x08002b70   0x00000064   Code   RO         1937    i.SDMMC_GetCmdResp2  stm32f4xx_ll_sdmmc.o
    0x08002bd4   0x08002bd4   0x00000058   Code   RO         1938    i.SDMMC_GetCmdResp3  stm32f4xx_ll_sdmmc.o
    0x08002c2c   0x08002c2c   0x000000b8   Code   RO         1939    i.SDMMC_GetCmdResp6  stm32f4xx_ll_sdmmc.o
    0x08002ce4   0x08002ce4   0x0000006c   Code   RO         1940    i.SDMMC_GetCmdResp7  stm32f4xx_ll_sdmmc.o
    0x08002d50   0x08002d50   0x00000048   Code   RO         2217    i.SD_DMARxAbort     stm32f4xx_hal_sd.o
    0x08002d98   0x08002d98   0x00000048   Code   RO         2219    i.SD_DMATxAbort     stm32f4xx_hal_sd.o
    0x08002de0   0x08002de0   0x00000142   Code   RO         2220    i.SD_FindSCR        stm32f4xx_hal_sd.o
    0x08002f22   0x08002f22   0x00000102   Code   RO         2221    i.SD_InitCard       stm32f4xx_hal_sd.o
    0x08003024   0x08003024   0x000000cc   Code   RO         2223    i.SD_PowerON        stm32f4xx_hal_sd.o
    0x080030f0   0x080030f0   0x0000004a   Code   RO         2224    i.SD_Read_IT        stm32f4xx_hal_sd.o
    0x0800313a   0x0800313a   0x00000030   Code   RO         2226    i.SD_SendStatus     stm32f4xx_hal_sd.o
    0x0800316a   0x0800316a   0x00000068   Code   RO         2227    i.SD_WideBus_Disable  stm32f4xx_hal_sd.o
    0x080031d2   0x080031d2   0x00000068   Code   RO         2228    i.SD_WideBus_Enable  stm32f4xx_hal_sd.o
    0x0800323a   0x0800323a   0x00000054   Code   RO         2229    i.SD_Write_IT       stm32f4xx_hal_sd.o
    0x0800328e   0x0800328e   0x00000002   PAD
    0x08003290   0x08003290   0x00000028   Code   RO          491    i.SendDataUsart1    usart.o
    0x080032b8   0x080032b8   0x00000080   Code   RO          389    i.StartDefaultTask  freertos.o
    0x08003338   0x08003338   0x00000016   Code   RO         4975    i.SysTick_Handler   cmsis_os2.o
    0x0800334e   0x0800334e   0x00000002   PAD
    0x08003350   0x08003350   0x000000b4   Code   RO           15    i.SystemClock_Config  main.o
    0x08003404   0x08003404   0x00000014   Code   RO         3795    i.SystemInit        system_stm32f4xx.o
    0x08003418   0x08003418   0x00000010   Code   RO          574    i.TIM7_IRQHandler   stm32f4xx_it.o
    0x08003428   0x08003428   0x000000d8   Code   RO         2538    i.TIM_Base_SetConfig  stm32f4xx_hal_tim.o
    0x08003500   0x08003500   0x00000014   Code   RO         3469    i.UART_DMAAbortOnError  stm32f4xx_hal_uart.o
    0x08003514   0x08003514   0x0000006c   Code   RO         3479    i.UART_EndRxTransfer  stm32f4xx_hal_uart.o
    0x08003580   0x08003580   0x00000020   Code   RO         3480    i.UART_EndTransmit_IT  stm32f4xx_hal_uart.o
    0x080035a0   0x080035a0   0x000000f8   Code   RO         3482    i.UART_Receive_IT   stm32f4xx_hal_uart.o
    0x08003698   0x08003698   0x0000022c   Code   RO         3483    i.UART_SetConfig    stm32f4xx_hal_uart.o
    0x080038c4   0x080038c4   0x0000004a   Code   RO         3485    i.UART_Start_Receive_IT  stm32f4xx_hal_uart.o
    0x0800390e   0x0800390e   0x00000060   Code   RO         3486    i.UART_Transmit_IT  stm32f4xx_hal_uart.o
    0x0800396e   0x0800396e   0x00000002   PAD
    0x08003970   0x08003970   0x00000010   Code   RO          575    i.USART1_IRQHandler  stm32f4xx_it.o
    0x08003980   0x08003980   0x00000010   Code   RO          576    i.USART2_IRQHandler  stm32f4xx_it.o
    0x08003990   0x08003990   0x00000004   Code   RO          577    i.UsageFault_Handler  stm32f4xx_it.o
    0x08003994   0x08003994   0x00000010   Code   RO         1515    i.__NVIC_GetPriorityGrouping  stm32f4xx_hal_cortex.o
    0x080039a4   0x080039a4   0x00000028   Code   RO         1516    i.__NVIC_SetPriority  stm32f4xx_hal_cortex.o
    0x080039cc   0x080039cc   0x00000006   Code   RO         4977    i.__get_IPSR        cmsis_os2.o
    0x080039d2   0x080039d2   0x00000028   Code   RO           16    i.main              main.o
    0x080039fa   0x080039fa   0x0000001e   Code   RO         4978    i.osDelay           cmsis_os2.o
    0x08003a18   0x08003a18   0x0000002c   Code   RO         4992    i.osKernelInitialize  cmsis_os2.o
    0x08003a44   0x08003a44   0x00000060   Code   RO         4995    i.osKernelStart     cmsis_os2.o
    0x08003aa4   0x08003aa4   0x000000b8   Code   RO         5037    i.osThreadNew       cmsis_os2.o
    0x08003b5c   0x08003b5c   0x0000007c   Code   RO         4412    i.prvAddCurrentTaskToDelayedList  tasks.o
    0x08003bd8   0x08003bd8   0x000000b8   Code   RO         4413    i.prvAddNewTaskToReadyList  tasks.o
    0x08003c90   0x08003c90   0x00000074   Code   RO         4788    i.prvCheckForValidListAndQueue  timers.o
    0x08003d04   0x08003d04   0x00000048   Code   RO         4414    i.prvCheckTasksWaitingTermination  tasks.o
    0x08003d4c   0x08003d4c   0x0000002a   Code   RO         3999    i.prvCopyDataFromQueue  queue.o
    0x08003d76   0x08003d76   0x0000007e   Code   RO         4000    i.prvCopyDataToQueue  queue.o
    0x08003df4   0x08003df4   0x00000050   Code   RO         4415    i.prvDeleteTCB      tasks.o
    0x08003e44   0x08003e44   0x00000028   Code   RO         4789    i.prvGetNextExpireTime  timers.o
    0x08003e6c   0x08003e6c   0x0000007c   Code   RO         5505    i.prvHeapInit       heap_4.o
    0x08003ee8   0x08003ee8   0x00000028   Code   RO         4416    i.prvIdleTask       tasks.o
    0x08003f10   0x08003f10   0x0000002a   Code   RO         4003    i.prvInitialiseNewQueue  queue.o
    0x08003f3a   0x08003f3a   0x000000be   Code   RO         4417    i.prvInitialiseNewTask  tasks.o
    0x08003ff8   0x08003ff8   0x00000068   Code   RO         4418    i.prvInitialiseTaskLists  tasks.o
    0x08004060   0x08004060   0x00000068   Code   RO         5506    i.prvInsertBlockIntoFreeList  heap_4.o
    0x080040c8   0x080040c8   0x00000058   Code   RO         4791    i.prvInsertTimerInActiveList  timers.o
    0x08004120   0x08004120   0x0000001a   Code   RO         4004    i.prvIsQueueEmpty   queue.o
    0x0800413a   0x0800413a   0x0000001e   Code   RO         4005    i.prvIsQueueFull    queue.o
    0x08004158   0x08004158   0x00000074   Code   RO         4792    i.prvProcessExpiredTimer  timers.o
    0x080041cc   0x080041cc   0x00000164   Code   RO         4793    i.prvProcessReceivedCommands  timers.o
    0x08004330   0x08004330   0x00000074   Code   RO         4794    i.prvProcessTimerOrBlockTask  timers.o
    0x080043a4   0x080043a4   0x00000034   Code   RO         4420    i.prvResetNextTaskUnblockTime  tasks.o
    0x080043d8   0x080043d8   0x0000002c   Code   RO         4795    i.prvSampleTimeNow  timers.o
    0x08004404   0x08004404   0x000000a4   Code   RO         4796    i.prvSwitchTimerLists  timers.o
    0x080044a8   0x080044a8   0x00000040   Code   RO         5561    i.prvTaskExitError  port.o
    0x080044e8   0x080044e8   0x0000001a   Code   RO         4797    i.prvTimerTask      timers.o
    0x08004502   0x08004502   0x0000007e   Code   RO         4006    i.prvUnlockQueue    queue.o
    0x08004580   0x08004580   0x0000014c   Code   RO         5507    i.pvPortMalloc      heap_4.o
    0x080046cc   0x080046cc   0x0000002c   Code   RO         5562    i.pxPortInitialiseStack  port.o
    0x080046f8   0x080046f8   0x00000028   Code   RO         3959    i.uxListRemove      list.o
    0x08004720   0x08004720   0x00000018   Code   RO         5049    i.vApplicationGetIdleTaskMemory  cmsis_os2.o
    0x08004738   0x08004738   0x00000018   Code   RO         5050    i.vApplicationGetTimerTaskMemory  cmsis_os2.o
    0x08004750   0x08004750   0x0000001a   Code   RO         3960    i.vListInitialise   list.o
    0x0800476a   0x0800476a   0x00000006   Code   RO         3961    i.vListInitialiseItem  list.o
    0x08004770   0x08004770   0x00000034   Code   RO         3962    i.vListInsert       list.o
    0x080047a4   0x080047a4   0x00000018   Code   RO         3963    i.vListInsertEnd    list.o
    0x080047bc   0x080047bc   0x00000054   Code   RO         5564    i.vPortEnterCritical  port.o
    0x08004810   0x08004810   0x0000003c   Code   RO         5565    i.vPortExitCritical  port.o
    0x0800484c   0x0800484c   0x000000a4   Code   RO         5508    i.vPortFree         heap_4.o
    0x080048f0   0x080048f0   0x00000028   Code   RO         5566    i.vPortSetupTimerInterrupt  port.o
    0x08004918   0x08004918   0x00000078   Code   RO         5567    i.vPortValidateInterruptPriority  port.o
    0x08004990   0x08004990   0x0000002c   Code   RO         4012    i.vQueueAddToRegistry  queue.o
    0x080049bc   0x080049bc   0x0000004a   Code   RO         4016    i.vQueueWaitForMessageRestricted  queue.o
    0x08004a06   0x08004a06   0x00000002   PAD
    0x08004a08   0x08004a08   0x0000005c   Code   RO         4433    i.vTaskDelay        tasks.o
    0x08004a64   0x08004a64   0x00000018   Code   RO         4438    i.vTaskInternalSetTimeOutState  tasks.o
    0x08004a7c   0x08004a7c   0x0000000c   Code   RO         4439    i.vTaskMissedYield  tasks.o
    0x08004a88   0x08004a88   0x00000038   Code   RO         4441    i.vTaskPlaceOnEventList  tasks.o
    0x08004ac0   0x08004ac0   0x00000040   Code   RO         4442    i.vTaskPlaceOnEventListRestricted  tasks.o
    0x08004b00   0x08004b00   0x000000b8   Code   RO         4450    i.vTaskStartScheduler  tasks.o
    0x08004bb8   0x08004bb8   0x00000010   Code   RO         4452    i.vTaskSuspendAll   tasks.o
    0x08004bc8   0x08004bc8   0x00000090   Code   RO         4453    i.vTaskSwitchContext  tasks.o
    0x08004c58   0x08004c58   0x00000168   Code   RO         5568    i.xPortStartScheduler  port.o
    0x08004dc0   0x08004dc0   0x00000034   Code   RO         5569    i.xPortSysTickHandler  port.o
    0x08004df4   0x08004df4   0x000000e0   Code   RO         4022    i.xQueueGenericCreateStatic  queue.o
    0x08004ed4   0x08004ed4   0x00000098   Code   RO         4023    i.xQueueGenericReset  queue.o
    0x08004f6c   0x08004f6c   0x000001a8   Code   RO         4024    i.xQueueGenericSend  queue.o
    0x08005114   0x08005114   0x000000fc   Code   RO         4025    i.xQueueGenericSendFromISR  queue.o
    0x08005210   0x08005210   0x00000168   Code   RO         4034    i.xQueueReceive     queue.o
    0x08005378   0x08005378   0x0000008c   Code   RO         4455    i.xTaskCheckForTimeOut  tasks.o
    0x08005404   0x08005404   0x00000064   Code   RO         4456    i.xTaskCreate       tasks.o
    0x08005468   0x08005468   0x000000ba   Code   RO         4457    i.xTaskCreateStatic  tasks.o
    0x08005522   0x08005522   0x00000002   PAD
    0x08005524   0x08005524   0x00000020   Code   RO         4461    i.xTaskGetSchedulerState  tasks.o
    0x08005544   0x08005544   0x0000000c   Code   RO         4462    i.xTaskGetTickCount  tasks.o
    0x08005550   0x08005550   0x00000144   Code   RO         4464    i.xTaskIncrementTick  tasks.o
    0x08005694   0x08005694   0x000000a4   Code   RO         4467    i.xTaskPriorityDisinherit  tasks.o
    0x08005738   0x08005738   0x00000098   Code   RO         4469    i.xTaskRemoveFromEventList  tasks.o
    0x080057d0   0x080057d0   0x00000104   Code   RO         4470    i.xTaskResumeAll    tasks.o
    0x080058d4   0x080058d4   0x00000078   Code   RO         4806    i.xTimerCreateTimerTask  timers.o
    0x0800594c   0x0800594c   0x00000084   Code   RO         4807    i.xTimerGenericCommand  timers.o
    0x080059d0   0x080059d0   0x0000000a   Code   RO         5859    x$fpl$fpinit        fz_wm.l(fpinit.o)
    0x080059da   0x080059da   0x00000002   PAD
    0x080059dc   0x080059dc   0x00000024   Data   RO          390    .constdata          freertos.o
    0x08005a00   0x08005a00   0x00000018   Data   RO         3796    .constdata          system_stm32f4xx.o
    0x08005a18   0x08005a18   0x0000000c   Data   RO          391    .conststring        freertos.o
    0x08005a24   0x08005a24   0x00000020   Data   RO         5917    Region$$Table       anon$$obj.o


    Execution Region RW_IRAM1 (Exec base: 0x20000000, Load base: 0x08005a44, Size: 0x00005530, Max: 0x0001c000, ABSOLUTE, COMPRESSED[0x00000214])

    Exec Addr    Load Addr    Size         Type   Attr      Idx    E Section Name        Object

    0x20000000   COMPRESSED   0x0000000c   Data   RW          392    .data               freertos.o
    0x2000000c   COMPRESSED   0x00000002   Data   RW          494    .data               usart.o
    0x2000000e   COMPRESSED   0x00000002   PAD
    0x20000010   COMPRESSED   0x00000009   Data   RW         1664    .data               stm32f4xx_hal.o
    0x20000019   COMPRESSED   0x00000003   PAD
    0x2000001c   COMPRESSED   0x00000004   Data   RW         3797    .data               system_stm32f4xx.o
    0x20000020   COMPRESSED   0x0000003c   Data   RW         4473    .data               tasks.o
    0x2000005c   COMPRESSED   0x00000014   Data   RW         4815    .data               timers.o
    0x20000070   COMPRESSED   0x00000004   Data   RW         5052    .data               cmsis_os2.o
    0x20000074   COMPRESSED   0x00000020   Data   RW         5514    .data               heap_4.o
    0x20000094   COMPRESSED   0x0000000c   Data   RW         5570    .data               port.o
    0x200000a0   COMPRESSED   0x00000002   Data   RW         5642    .data               answerstoquestion.o
    0x200000a2   COMPRESSED   0x00000200   Data   RW         5679    .data               crc16.o
    0x200002a2   COMPRESSED   0x00000002   PAD
    0x200002a4        -       0x00000084   Zero   RW          444    .bss                sdio.o
    0x20000328        -       0x00000288   Zero   RW          493    .bss                usart.o
    0x200005b0        -       0x00000048   Zero   RW          677    .bss                stm32f4xx_hal_timebase_tim.o
    0x200005f8        -       0x00000040   Zero   RW         4038    .bss                queue.o
    0x20000638        -       0x000004c4   Zero   RW         4472    .bss                tasks.o
    0x20000afc        -       0x00000118   Zero   RW         4814    .bss                timers.o
    0x20000c14        -       0x000006b8   Zero   RW         5051    .bss                cmsis_os2.o
    0x200012cc        -       0x00003c00   Zero   RW         5513    .bss                heap_4.o
    0x20004ecc        -       0x00000060   Zero   RW         5789    .bss                c_w.l(libspace.o)
    0x20004f2c   COMPRESSED   0x00000004   PAD
    0x20004f30        -       0x00000200   Zero   RW            2    HEAP                startup_stm32f407xx.o
    0x20005130        -       0x00000400   Zero   RW            1    STACK               startup_stm32f407xx.o


    Execution Region RW_IRAM2 (Exec base: 0x2001c000, Load base: 0x08005c58, Size: 0x00000000, Max: 0x00004000, ABSOLUTE)

    **** No section assigned to this execution region ****


==============================================================================

Image component sizes


      Code (inc. data)   RO Data    RW Data    ZI Data      Debug   Object Name

       108         18          0          2          0       1271   answerstoquestion.o
       430         38          0          4       1720      65239   cmsis_os2.o
       136          4          0        512          0       1909   crc16.o
         0          0          0          0          0      19532   event_groups.o
       176         30         48         12          0       2164   freertos.o
       392         30          0          0          0       1697   gpio.o
       724         74          0         32      15360       4963   heap_4.o
       148          0          0          0          0       3662   list.o
       250         14          0          0          0     726408   main.o
      1014         92          0         12          0      11881   port.o
      1922         20          0          0         64      17664   queue.o
        32          0          0          0          0       1058   requestssorting.o
       280         28          0          0        132       1809   sdio.o
        64         26        392          0       1536        860   startup_stm32f407xx.o
       136         24          0          9          0       8842   stm32f4xx_hal.o
       252         22          0          0          0      33774   stm32f4xx_hal_cortex.o
       218          0          0          0          0       2622   stm32f4xx_hal_dma.o
       512         46          0          0          0       2156   stm32f4xx_hal_gpio.o
        84          6          0          0          0        894   stm32f4xx_hal_msp.o
      1888         94          0          0          0       6409   stm32f4xx_hal_rcc.o
      2818         34          0          0          0      16104   stm32f4xx_hal_sd.o
       902         76          0          0          0       6622   stm32f4xx_hal_tim.o
         4          0          0          0          0       1617   stm32f4xx_hal_tim_ex.o
       140         18          0          0         72       1519   stm32f4xx_hal_timebase_tim.o
      2336         14          0          0          0      11300   stm32f4xx_hal_uart.o
        86         24          0          0          0       4953   stm32f4xx_it.o
      1878         46          0          0          0      21827   stm32f4xx_ll_sdmmc.o
         0          0          0          0          0        392   stream_buffer.o
        20          6         24          4          0       1175   system_stm32f4xx.o
      2808        346          0         60       1220      27906   tasks.o
      1318        124          0         20        280      33171   timers.o
       544         88          0          2        648       5001   usart.o

    ----------------------------------------------------------------------
     21650       1342        496        676      21032    1046401   Object Totals
         0          0         32          0          0          0   (incl. Generated)
        30          0          0          7          0          0   (incl. Padding)

    ----------------------------------------------------------------------

      Code (inc. data)   RO Data    RW Data    ZI Data      Debug   Library Member Name

        58          0          0          0          0          0   __dczerorl.o
         8          0          0          0          0         68   __main.o
         0          0          0          0          0          0   __rtentry.o
        12          0          0          0          0          0   __rtentry2.o
         6          0          0          0          0          0   __rtentry4.o
        52          8          0          0          0          0   __scatter.o
        28          0          0          0          0          0   __scatter_zi.o
        16          0          0          0          0         68   aeabi_memset.o
        18          0          0          0          0         80   exit.o
         6          0          0          0          0        152   heapauxi.o
         0          0          0          0          0          0   indicate_semi.o
         2          0          0          0          0          0   libinit.o
         6          0          0          0          0          0   libinit2.o
         2          0          0          0          0          0   libshutdown.o
         2          0          0          0          0          0   libshutdown2.o
         8          4          0          0         96         68   libspace.o
       238          0          0          0          0        100   lludivv7m.o
        68          0          0          0          0         68   rt_memclr.o
        78          0          0          0          0         80   rt_memclr_w.o
       138          0          0          0          0         68   rt_memcpy_v6.o
       100          0          0          0          0         80   rt_memcpy_w.o
         2          0          0          0          0          0   rtexit.o
        10          0          0          0          0          0   rtexit2.o
        12          4          0          0          0         68   sys_exit.o
        74          0          0          0          0         80   sys_stackheap_outer.o
         2          0          0          0          0         68   use_no_semi.o
        10          0          0          0          0        116   fpinit.o

    ----------------------------------------------------------------------
       962         16          0          0        100       1164   Library Totals
         6          0          0          0          4          0   (incl. Padding)

    ----------------------------------------------------------------------

      Code (inc. data)   RO Data    RW Data    ZI Data      Debug   Library Name

       946         16          0          0         96       1048   c_w.l
        10          0          0          0          0        116   fz_wm.l

    ----------------------------------------------------------------------
       962         16          0          0        100       1164   Library Totals

    ----------------------------------------------------------------------

==============================================================================


      Code (inc. data)   RO Data    RW Data    ZI Data      Debug   

     22612       1358        496        676      21132    1027397   Grand Totals
     22612       1358        496        532      21132    1027397   ELF Image Totals (compressed)
     22612       1358        496        532          0          0   ROM Totals

==============================================================================

    Total RO  Size (Code + RO Data)                23108 (  22.57kB)
    Total RW  Size (RW Data + ZI Data)             21808 (  21.30kB)
    Total ROM Size (Code + RO Data + RW Data)      23640 (  23.09kB)

==============================================================================

